01-01 00:49:43.883  1094  1094 D UsbAlsaManager: Adding ALSA device AlsaDevice: [card: 0, device: 14, type: 1]
01-01 00:49:43.883  1094  1094 D UsbAlsaManager: Adding ALSA device AlsaDevice: [card: 0, device: 15, type: 2]
01-01 00:49:43.883  1094  1475 D VoldConnector: RCV <- {200 3 Command succeeded}
01-01 00:49:43.883  1094  1094 D UsbAlsaManager: Adding ALSA device AlsaDevice: [card: 0, device: 15, type: 1]
01-01 00:49:43.883  1094  1094 D UsbAlsaManager: Adding ALSA device AlsaDevice: [card: 0, device: 16, type: 2]
01-01 00:49:43.883  1094  1094 D UsbAlsaManager: Adding ALSA device AlsaDevice: [card: 0, device: 16, type: 1]
01-01 00:49:43.883  1094  1094 D UsbAlsaManager: Adding ALSA device AlsaDevice: [card: 0, device: 17, type: 2]
01-01 00:49:43.883  1094  1094 D UsbAlsaManager: Adding ALSA device AlsaDevice: [card: 0, device: 17, type: 1]
01-01 00:49:43.883  1094  1094 D UsbAlsaManager: Adding ALSA device AlsaDevice: [card: 0, device: 18, type: 2]
01-01 00:49:43.883  1094  1094 D UsbAlsaManager: Adding ALSA device AlsaDevice: [card: 0, device: 18, type: 1]
01-01 00:49:43.883  1094  1094 D UsbAlsaManager: Adding ALSA device AlsaDevice: [card: 0, device: 19, type: 2]
01-01 00:49:43.883  1094  1094 D UsbAlsaManager: Adding ALSA device AlsaDevice: [card: 0, device: 20, type: 2]
01-01 00:49:43.883  1094  1094 D UsbAlsaManager: Adding ALSA device AlsaDevice: [card: 0, device: 21, type: 2]
01-01 00:49:43.883  1094  1094 D UsbAlsaManager: Adding ALSA device AlsaDevice: [card: 0, device: 22, type: 2]
01-01 00:49:43.883  1094  1094 D UsbAlsaManager: Adding ALSA device AlsaDevice: [card: 0, device: 23, type: 2]
01-01 00:49:43.883  1094  1094 D UsbAlsaManager: Adding ALSA device AlsaDevice: [card: 0, device: 25, type: 1]
01-01 00:49:43.883  1094  1094 D UsbAlsaManager: Adding ALSA device AlsaDevice: [card: 0, device: 26, type: 2]
01-01 00:49:43.883  1094  1094 D UsbAlsaManager: Adding ALSA device AlsaDevice: [card: 0, device: 34, type: 2]
01-01 00:49:43.883  1094  1094 D UsbAlsaManager: Adding ALSA device AlsaDevice: [card: 0, device: 34, type: 1]
01-01 00:49:43.883  1094  1094 D UsbAlsaManager: Adding ALSA device AlsaDevice: [card: 0, device: 35, type: 2]
01-01 00:49:43.883  1094  1094 D UsbAlsaManager: Adding ALSA device AlsaDevice: [card: 0, device: 35, type: 1]
01-01 00:49:43.884  1094  1474 D VoldConnector: SND -> {4 volume user_added 0 0}
01-01 00:49:43.884  1094  1475 D VoldConnector: RCV <- {200 4 Command succeeded}
01-01 00:49:43.884  1094  1094 W MountService: No primary storage defined yet; hacking together a stub
01-01 00:49:43.886  1094  1094 I SystemServer: WebViewFactory preparation
01-01 00:49:43.886  1094  1094 E WebViewFactory: error preparing webview native library
01-01 00:49:43.886  1094  1094 E WebViewFactory: android.webkit.WebViewFactory$MissingWebViewPackageException: android.content.pm.PackageManager$NameNotFoundException: com.android.webview
01-01 00:49:43.886  1094  1094 E WebViewFactory: 	at android.webkit.WebViewFactory.fetchPackageInfo(WebViewFactory.java:109)
01-01 00:49:43.886  1094  1094 E WebViewFactory: 	at android.webkit.WebViewFactory.getWebViewApplicationInfo(WebViewFactory.java:116)
01-01 00:49:43.886  1094  1094 E WebViewFactory: 	at android.webkit.WebViewFactory.getWebViewNativeLibraryPaths(WebViewFactory.java:374)
01-01 00:49:43.886  1094  1094 E WebViewFactory: 	at android.webkit.WebViewFactory.prepareWebViewInSystemServer(WebViewFactory.java:274)
01-01 00:49:43.886  1094  1094 E WebViewFactory: 	at com.android.server.SystemServer$2.run(SystemServer.java:1105)
01-01 00:49:43.886  1094  1094 E WebViewFactory: 	at com.android.server.am.ActivityManagerService.systemReady(ActivityManagerService.java:11859)
01-01 00:49:43.886  1094  1094 E WebViewFactory: 	at com.android.server.SystemServer.startOtherServices(SystemServer.java:1091)
01-01 00:49:43.886  1094  1094 E WebViewFactory: 	at com.android.server.SystemServer.run(SystemServer.java:270)
01-01 00:49:43.886  1094  1094 E WebViewFactory: 	at com.android.server.SystemServer.main(SystemServer.java:168)
01-01 00:49:43.886  1094  1094 E WebViewFactory: 	at java.lang.reflect.Method.invoke(Native Method)
01-01 00:49:43.886  1094  1094 E WebViewFactory: 	at com.android.internal.os.ZygoteInit$MethodAndArgsCaller.run(ZygoteInit.java:726)
01-01 00:49:43.886  1094  1094 E WebViewFactory: 	at com.android.internal.os.ZygoteInit.main(ZygoteInit.java:616)
01-01 00:49:43.886  1094  1094 E WebViewFactory: Caused by: android.content.pm.PackageManager$NameNotFoundException: com.android.webview
01-01 00:49:43.886  1094  1094 E WebViewFactory: 	at android.app.ApplicationPackageManager.getPackageInfo(ApplicationPackageManager.java:137)
01-01 00:49:43.886  1094  1094 E WebViewFactory: 	at android.webkit.WebViewFactory.fetchPackageInfo(WebViewFactory.java:107)
01-01 00:49:43.886  1094  1094 E WebViewFactory: 	... 11 more
01-01 00:49:43.886  1094  1110 V MountService: Found primary storage at VolumeInfo{emulated}:
01-01 00:49:43.886  1094  1110 V MountService:     type=EMULATED diskId=null partGuid=null mountFlags=0 mountUserId=-1 
01-01 00:49:43.886  1094  1110 V MountService:     state=UNMOUNTED 
01-01 00:49:43.886  1094  1110 V MountService:     fsType=null fsUuid=null fsLabel=null 
01-01 00:49:43.886  1094  1110 V MountService:     path=null internalPath=null 
01-01 00:49:43.887  1094  1094 E WebViewFactory: error starting relro file creator for abi armeabi-v7a
01-01 00:49:43.887  1094  1094 E WebViewFactory: java.lang.IllegalArgumentException: Native library paths to the WebView RelRo process must not be null!
01-01 00:49:43.887  1094  1094 E WebViewFactory: 	at android.webkit.WebViewFactory.createRelroFile(WebViewFactory.java:446)
01-01 00:49:43.887  1094  1094 E WebViewFactory: 	at android.webkit.WebViewFactory.prepareWebViewInSystemServer(WebViewFactory.java:290)
01-01 00:49:43.887  1094  1094 E WebViewFactory: 	at android.webkit.WebViewFactory.prepareWebViewInSystemServer(WebViewFactory.java:279)
01-01 00:49:43.887  1094  1094 E WebViewFactory: 	at com.android.server.SystemServer$2.run(SystemServer.java:1105)
01-01 00:49:43.887  1094  1094 E WebViewFactory: 	at com.android.server.am.ActivityManagerService.systemReady(ActivityManagerService.java:11859)
01-01 00:49:43.887  1094  1094 E WebViewFactory: 	at com.android.server.SystemServer.startOtherServices(SystemServer.java:1091)
01-01 00:49:43.887  1094  1094 E WebViewFactory: 	at com.android.server.SystemServer.run(SystemServer.java:270)
01-01 00:49:43.887  1094  1094 E WebViewFactory: 	at com.android.server.SystemServer.main(SystemServer.java:168)
01-01 00:49:43.887  1094  1094 E WebViewFactory: 	at java.lang.reflect.Method.invoke(Native Method)
01-01 00:49:43.887  1094  1094 E WebViewFactory: 	at com.android.internal.os.ZygoteInit$MethodAndArgsCaller.run(ZygoteInit.java:726)
01-01 00:49:43.887  1094  1094 E WebViewFactory: 	at com.android.internal.os.ZygoteInit.main(ZygoteInit.java:616)
01-01 00:49:43.887  1094  1094 E WebViewFactory: relro file creator for armeabi-v7a crashed. Proceeding without
01-01 00:49:43.887  1094  1094 E WebViewFactory: error starting relro file creator for abi arm64-v8a
01-01 00:49:43.887  1094  1094 E WebViewFactory: java.lang.IllegalArgumentException: Native library paths to the WebView RelRo process must not be null!
01-01 00:49:43.887  1094  1094 E WebViewFactory: 	at android.webkit.WebViewFactory.createRelroFile(WebViewFactory.java:446)
01-01 00:49:43.887  1094  1094 E WebViewFactory: 	at android.webkit.WebViewFactory.prepareWebViewInSystemServer(WebViewFactory.java:295)
01-01 00:49:43.887  1094  1094 E WebViewFactory: 	at android.webkit.WebViewFactory.prepareWebViewInSystemServer(WebViewFactory.java:279)
01-01 00:49:43.887  1094  1094 E WebViewFactory: 	at com.android.server.SystemServer$2.run(SystemServer.java:1105)
01-01 00:49:43.887  1094  1094 E WebViewFactory: 	at com.android.server.am.ActivityManagerService.systemReady(ActivityManagerService.java:11859)
01-01 00:49:43.887  1094  1094 E WebViewFactory: 	at com.android.server.SystemServer.startOtherServices(SystemServer.java:1091)
01-01 00:49:43.887  1094  1094 E WebViewFactory: 	at com.android.server.SystemServer.run(SystemServer.java:270)
01-01 00:49:43.887  1094  1094 E WebViewFactory: 	at com.android.server.SystemServer.main(SystemServer.java:168)
01-01 00:49:43.887  1094  1094 E WebViewFactory: 	at java.lang.reflect.Method.invoke(Native Method)
01-01 00:49:43.887  1094  1094 E WebViewFactory: 	at com.android.internal.os.ZygoteInit$MethodAndArgsCaller.run(ZygoteInit.java:726)
01-01 00:49:43.887  1094  1094 E WebViewFactory: 	at com.android.internal.os.ZygoteInit.main(ZygoteInit.java:616)
01-01 00:49:43.887  1094  1094 E WebViewFactory: relro file creator for arm64-v8a crashed. Proceeding without
01-01 00:49:43.888  1094  1474 D VoldConnector: SND -> {5 volume mount emulated 3 -1}
01-01 00:49:43.889   397   420 V vold    : Waiting for FUSE to spin up...
01-01 00:49:43.889  1094  1094 I Zygote  : Process: zygote socket opened, supported ABIS: arm64-v8a
01-01 00:49:43.889  1094  1475 D VoldConnector: RCV <- {651 emulated 1}
01-01 00:49:43.889  1094  1475 D VoldConnector: RCV <- {656 emulated /data/media}
01-01 00:49:43.890  1094  1475 D VoldConnector: RCV <- {655 emulated /storage/emulated}
01-01 00:49:43.895  1094  1094 I ActivityManager: Start proc 1523:com.android.systemui/u0a10 for service com.android.systemui/.SystemUIService
01-01 00:49:43.895  1094  1108 I ActivityManager: Force stopping com.android.providers.media appid=10006 user=-1: vold reset
01-01 00:49:43.895  1094  1094 D NetworkManagement: enabling bandwidth control
01-01 00:49:43.908  1094  1108 I ActivityManager: Start proc 1535:android.process.media/u0a6 for broadcast com.android.providers.media/.MtpReceiver
01-01 00:49:43.926  1523  1523 W System  : ClassLoader referenced unknown path: /system/priv-app/SystemUI/lib/arm64
01-01 00:49:43.931  1535  1535 W System  : ClassLoader referenced unknown path: /system/priv-app/MediaProvider/lib/arm64
01-01 00:49:43.940  1094  1475 D VoldConnector: RCV <- {651 emulated 2}
01-01 00:49:43.940  1094  1475 D VoldConnector: RCV <- {200 5 Command succeeded}
01-01 00:49:43.951  1094  1108 I ActivityManager: Start proc 1557:com.android.externalstorage/u0a3 for broadcast com.android.externalstorage/.MountReceiver
01-01 00:49:43.953  1523  1523 V SystemUIService: Starting SystemUI services.
01-01 00:49:43.973  1557  1557 W System  : ClassLoader referenced unknown path: /system/priv-app/ExternalStorageProvider/lib/arm64
01-01 00:49:43.977  1557  1557 D ExternalStorage: After updating volumes, found 1 active roots
01-01 00:49:43.979  1557  1557 D ExternalStorage: After updating volumes, found 1 active roots
01-01 00:49:43.981  1557  1557 D ExternalStorage: After updating volumes, found 1 active roots
01-01 00:49:44.011  1523  1523 E SoundPool: error loading /system/media/audio/ui/Lock.ogg
01-01 00:49:44.011  1523  1523 W KeyguardViewMediator: failed to load lock sound from /system/media/audio/ui/Lock.ogg
01-01 00:49:44.012  1523  1523 E SoundPool: error loading /system/media/audio/ui/Unlock.ogg
01-01 00:49:44.012  1523  1523 W KeyguardViewMediator: failed to load unlock sound from /system/media/audio/ui/Unlock.ogg
01-01 00:49:44.012  1523  1523 E SoundPool: error loading /system/media/audio/ui/Trusted.ogg
01-01 00:49:44.013  1523  1523 W KeyguardViewMediator: failed to load trusted sound from /system/media/audio/ui/Trusted.ogg
01-01 00:49:44.067  1523  1523 V BoostFramework: mAcquireFunc method = public int com.qualcomm.qti.Performance.perfLockAcquire(int,int[])
01-01 00:49:44.067  1523  1523 V BoostFramework: mReleaseFunc method = public int com.qualcomm.qti.Performance.perfLockRelease()
01-01 00:49:44.067  1523  1523 V BoostFramework: mAcquireTouchFunc method = public int com.qualcomm.qti.Performance.perfLockAcquireTouch(android.view.MotionEvent,android.util.DisplayMetrics,int,int[])
01-01 00:49:44.067  1523  1523 V BoostFramework: mIOPStart method = public int com.qualcomm.qti.Performance.perfIOPrefetchStart(int,java.lang.String)
01-01 00:49:44.067  1523  1523 V BoostFramework: mIOPStop method = public int com.qualcomm.qti.Performance.perfIOPrefetchStop()
01-01 00:49:44.069  1523  1523 V BoostFramework: BoostFramework() : mPerf = com.qualcomm.qti.Performance@317929d
01-01 00:49:44.070  1523  1523 V BoostFramework: BoostFramework() : mPerf = com.qualcomm.qti.Performance@2237312
01-01 00:49:44.111  1523  1523 I vol.Events: writeEvent collection_started
01-01 00:49:44.118  1523  1595 I vol.Events: writeEvent external_ringer_mode_changed normal
01-01 00:49:44.118  1523  1595 I vol.Events: writeEvent internal_ringer_mode_changed normal
01-01 00:49:44.168  1523  1595 I vol.Events: writeEvent level_changed STREAM_ALARM 6
01-01 00:49:44.169  1523  1595 I vol.Events: writeEvent level_changed STREAM_BLUETOOTH_SCO 7
01-01 00:49:44.171  1523  1595 I vol.Events: writeEvent level_changed STREAM_MUSIC 11
01-01 00:49:44.174  1523  1595 I vol.Events: writeEvent level_changed STREAM_RING 5
01-01 00:49:44.175  1523  1595 I vol.Events: writeEvent level_changed STREAM_SYSTEM 5
01-01 00:49:44.175  1523  1523 D StorageNotification: Notifying about private volume: VolumeInfo{private}:
01-01 00:49:44.175  1523  1523 D StorageNotification:     type=PRIVATE diskId=null partGuid=null mountFlags=0 mountUserId=-1 
01-01 00:49:44.175  1523  1523 D StorageNotification:     state=MOUNTED 
01-01 00:49:44.175  1523  1523 D StorageNotification:     fsType=null fsUuid=null fsLabel=null 
01-01 00:49:44.175  1523  1523 D StorageNotification:     path=/data internalPath=null 
01-01 00:49:44.177  1523  1595 I vol.Events: writeEvent level_changed STREAM_VOICE_CALL 4
01-01 00:49:44.211  1094  1564 I StatusBarManagerService: registerStatusBar bar=com.android.internal.statusbar.IStatusBar$Stub$Proxy@91b6b9
01-01 00:49:44.215  1605  1605 I keystore: Found keymaster1 module Keymaster QTI HAL, version 100
01-01 00:49:44.215  1605  1605 I SoftKeymaster: system/keymaster/soft_keymaster_device.cpp, Line 122: Creating device
01-01 00:49:44.215  1605  1605 D SoftKeymaster: system/keymaster/soft_keymaster_device.cpp, Line 123: Device address: 0x555c0d0800
01-01 00:49:44.216  1605  1605 D QSEECOMAPI: : QSEECom_get_handle sb_length = 0xa000
01-01 00:49:44.216  1605  1605 D QSEECOMAPI: : App is not loaded in QSEE
01-01 00:49:44.216  1605  1605 E QSEECOMAPI: : Error::Cannot open the file /firmware/image/keymaster.mdt errno = 13
01-01 00:49:44.216  1605  1605 E QSEECOMAPI: : Error::Loading image failed with ret = -1
01-01 00:49:44.216  1605  1605 E keymaster1_device: Loading keymaster app failed
01-01 00:49:44.216  1605  1605 E keystore: Error -1 opening keystore keymaster1 device
01-01 00:49:44.216  1605  1605 E keystore: keystore keymaster could not be initialized; exiting
01-01 00:49:44.219  1606  1606 I Atfwd_Daemon: *** Starting ATFWD-daemon *** 
01-01 00:49:44.219  1606  1606 I Atfwd_Daemon: QCCI not supported for target msm8952, use legacy QCCI
01-01 00:49:44.219  1606  1606 I Atfwd_Daemon: APQ baseband : Explicitly stopping ATFWD service....
01-01 00:49:44.219  1606  1606 I Atfwd_Daemon: Stop the daemon....
01-01 00:49:44.221   457  1089 I iptables: iptables: No chain/target/match by that name.
01-01 00:49:44.222   457  1089 I iptables: iptables terminated by exit(1)
01-01 00:49:44.222  1608  1608 I libmdmdetect: ESOC framework not supported
01-01 00:49:44.222   457  1089 E Netd    : exec() res=0, status=256 for /system/bin/iptables -w -F st_penalty_log 
01-01 00:49:44.222  1608  1608 E PerMgrSrv: Zero peripherals found
01-01 00:49:44.231   457  1089 I ip6tables: ip6tables: No chain/target/match by that name.
01-01 00:49:44.231   457  1089 I ip6tables: ip6tables terminated by exit(1)
01-01 00:49:44.231   457  1089 E Netd    : exec() res=0, status=256 for /system/bin/ip6tables -w -F st_penalty_log 
01-01 00:49:44.240   457  1089 I iptables: iptables: No chain/target/match by that name.
01-01 00:49:44.240   457  1089 I iptables: iptables terminated by exit(1)
01-01 00:49:44.240   457  1089 E Netd    : exec() res=0, status=256 for /system/bin/iptables -w -F st_penalty_reject 
01-01 00:49:44.249   457  1089 I ip6tables: ip6tables: No chain/target/match by that name.
01-01 00:49:44.250   457  1089 I ip6tables: ip6tables terminated by exit(1)
01-01 00:49:44.250   457  1089 E Netd    : exec() res=0, status=256 for /system/bin/ip6tables -w -F st_penalty_reject 
01-01 00:49:44.258  1523  1523 V BoostFramework: BoostFramework() : mPerf = com.qualcomm.qti.Performance@938d9bf
01-01 00:49:44.258  1523  1523 V BoostFramework: BoostFramework() : mPerf = com.qualcomm.qti.Performance@847188c
01-01 00:49:44.259   457  1089 I iptables: iptables: No chain/target/match by that name.
01-01 00:49:44.259   457  1089 I iptables: iptables terminated by exit(1)
01-01 00:49:44.259   457  1089 E Netd    : exec() res=0, status=256 for /system/bin/iptables -w -F st_clear_caught 
01-01 00:49:44.268  1523  1523 V BoostFramework: BoostFramework() : mPerf = com.qualcomm.qti.Performance@4ea3889
01-01 00:49:44.268  1523  1523 V BoostFramework: BoostFramework() : mPerf = com.qualcomm.qti.Performance@7ea008e
01-01 00:49:44.268   457  1089 I ip6tables: ip6tables: No chain/target/match by that name.
01-01 00:49:44.269   457  1089 I ip6tables: ip6tables terminated by exit(1)
01-01 00:49:44.269   457  1089 E Netd    : exec() res=0, status=256 for /system/bin/ip6tables -w -F st_clear_caught 
01-01 00:49:44.278   457  1089 I iptables: iptables: No chain/target/match by that name.
01-01 00:49:44.278  1094  1482 D WifiService: New client listening to asynchronous messages
01-01 00:49:44.278   457  1089 I iptables: iptables terminated by exit(1)
01-01 00:49:44.279   457  1089 E Netd    : exec() res=0, status=256 for /system/bin/iptables -w -F st_clear_detect 
01-01 00:49:44.284  1523  1523 W TelecomManager: Telecom Service not found.
01-01 00:49:44.288   457  1089 I ip6tables: ip6tables: No chain/target/match by that name.
01-01 00:49:44.288   457  1089 I ip6tables: ip6tables terminated by exit(1)
01-01 00:49:44.288   457  1089 E Netd    : exec() res=0, status=256 for /system/bin/ip6tables -w -F st_clear_detect 
01-01 00:49:44.297   457  1089 I iptables: iptables: No chain/target/match by that name.
01-01 00:49:44.298   457  1089 I iptables: iptables terminated by exit(1)
01-01 00:49:44.298   457  1089 E Netd    : exec() res=0, status=256 for /system/bin/iptables -w -X st_penalty_log 
01-01 00:49:44.307   457  1089 I ip6tables: ip6tables: No chain/target/match by that name.
01-01 00:49:44.307   457  1089 I ip6tables: ip6tables terminated by exit(1)
01-01 00:49:44.307   457  1089 E Netd    : exec() res=0, status=256 for /system/bin/ip6tables -w -X st_penalty_log 
01-01 00:49:44.316   457  1089 I iptables: iptables: No chain/target/match by that name.
01-01 00:49:44.316   457  1089 I iptables: iptables terminated by exit(1)
01-01 00:49:44.316   457  1089 E Netd    : exec() res=0, status=256 for /system/bin/iptables -w -X st_penalty_reject 
01-01 00:49:44.325   457  1089 I ip6tables: ip6tables: No chain/target/match by that name.
01-01 00:49:44.326   457  1089 I ip6tables: ip6tables terminated by exit(1)
01-01 00:49:44.326   457  1089 E Netd    : exec() res=0, status=256 for /system/bin/ip6tables -w -X st_penalty_reject 
01-01 00:49:44.335   457  1089 I iptables: iptables: No chain/target/match by that name.
01-01 00:49:44.335   457  1089 I iptables: iptables terminated by exit(1)
01-01 00:49:44.336   457  1089 E Netd    : exec() res=0, status=256 for /system/bin/iptables -w -X st_clear_caught 
01-01 00:49:44.345   457  1089 I ip6tables: ip6tables: No chain/target/match by that name.
01-01 00:49:44.345   457  1089 I ip6tables: ip6tables terminated by exit(1)
01-01 00:49:44.345   457  1089 E Netd    : exec() res=0, status=256 for /system/bin/ip6tables -w -X st_clear_caught 
01-01 00:49:44.354   457  1089 I iptables: iptables: No chain/target/match by that name.
01-01 00:49:44.355   457  1089 I iptables: iptables terminated by exit(1)
01-01 00:49:44.355   457  1089 E Netd    : exec() res=0, status=256 for /system/bin/iptables -w -X st_clear_detect 
01-01 00:49:44.364   457  1089 I ip6tables: ip6tables: No chain/target/match by that name.
01-01 00:49:44.365   457  1089 I ip6tables: ip6tables terminated by exit(1)
01-01 00:49:44.365   457  1089 E Netd    : exec() res=0, status=256 for /system/bin/ip6tables -w -X st_clear_detect 
01-01 00:49:44.365  1094  1112 D BluetoothManagerService: Message: 20
01-01 00:49:44.365  1094  1112 D BluetoothManagerService: Added callback: android.bluetooth.IBluetoothManagerCallback$Stub$Proxy@22858f3:true
01-01 00:49:44.368  1094  1112 D BluetoothManagerService: Message: 30
01-01 00:49:44.368  1523  1523 E BluetoothInputDevice: Could not bind to Bluetooth HID Service with Intent { act=android.bluetooth.IBluetoothInputDevice }
01-01 00:49:44.369  1094  1112 D BluetoothManagerService: Message: 30
01-01 00:49:44.369  1523  1523 E BluetoothPan: Could not bind to Bluetooth Pan Service with Intent { act=android.bluetooth.IBluetoothPan }
01-01 00:49:44.370  1523  1523 D LocalBluetoothProfileManager: Adding local MAP profile
01-01 00:49:44.371  1523  1523 D BluetoothMap: Create BluetoothMap proxy object
01-01 00:49:44.371  1094  1112 D BluetoothManagerService: Message: 30
01-01 00:49:44.371  1523  1523 E BluetoothMap: Could not bind to Bluetooth MAP Service with Intent { act=android.bluetooth.IBluetoothMap }
01-01 00:49:44.372  1094  1112 D BluetoothManagerService: Message: 30
01-01 00:49:44.372  1523  1523 E BluetoothPbap: Could not bind to Bluetooth Pbap Service with Intent { act=android.bluetooth.IBluetoothPbap }
01-01 00:49:44.372  1523  1523 D LocalBluetoothProfileManager: LocalBluetoothProfileManager construction complete
01-01 00:49:44.375  1094  1105 D ConnectivityService: listenForNetwork for Listen from uid/pid:10010/1523 for NetworkRequest [ id=3, legacyType=-1, [] ]
01-01 00:49:44.381  1523  1523 I CameraManagerGlobal: Connecting to camera service
01-01 00:49:44.411  1523  1636 E ActivityThread: Failed to find provider info for com.android.contacts
01-01 00:49:44.412  1523  1637 D OpenGLRenderer: Use EGL_SWAP_BEHAVIOR_PRESERVED: true
01-01 00:49:44.413  1523  1637 D OpenGLRenderer: profile bars disabled
01-01 00:49:44.413  1523  1637 D OpenGLRenderer: ambientRatio = 1.50
01-01 00:49:44.422  1523  1523 D PhoneStatusBar: disable: < expand icons alerts system_info back home recent clock search quick_settings >
01-01 00:49:44.434  1523  1523 D PhoneStatusBar: heads up is enabled
01-01 00:49:44.440  1094  1482 D WifiService: New client listening to asynchronous messages
01-01 00:49:44.441  1523  1523 D ViewRootImpl: changeCanvasOpacity: opaque=true
01-01 00:49:44.450  1523  1523 W TelecomManager: Telecom Service not found.
01-01 00:49:44.488  1523  1637 I Adreno  : QUALCOMM build                   : a72af7e, Ic6a8b301c1
01-01 00:49:44.488  1523  1637 I Adreno  : Build Date                       : 03/20/16
01-01 00:49:44.488  1523  1637 I Adreno  : OpenGL ES Shader Compiler Version: XE031.06.00.02
01-01 00:49:44.488  1523  1637 I Adreno  : Local Branch                     : 
01-01 00:49:44.488  1523  1637 I Adreno  : Remote Branch                    : 
01-01 00:49:44.488  1523  1637 I Adreno  : Remote Branch                    : 
01-01 00:49:44.488  1523  1637 I Adreno  : Reconstruct Branch               : 
01-01 00:49:44.492  1523  1637 I OpenGLRenderer: Initialized EGL, version 1.4
01-01 00:49:44.691  1094  1094 W SystemServer: ***********************************************
01-01 00:49:44.695  1094  1094 E SystemServer: BOOT FAILURE making Network Managment Service ready
01-01 00:49:44.695  1094  1094 E SystemServer: java.lang.NullPointerException: Attempt to invoke interface method 'int android.security.IKeystoreService.exist(java.lang.String, int)' on a null object reference
01-01 00:49:44.695  1094  1094 E SystemServer: 	at android.security.KeyStore.contains(KeyStore.java:195)
01-01 00:49:44.695  1094  1094 E SystemServer: 	at android.security.KeyStore.contains(KeyStore.java:203)
01-01 00:49:44.695  1094  1094 E SystemServer: 	at com.android.server.net.LockdownVpnTracker.isEnabled(LockdownVpnTracker.java:92)
01-01 00:49:44.695  1094  1094 E SystemServer: 	at com.android.server.NetworkManagementService.prepareNativeDaemon(NetworkManagementService.java:617)
01-01 00:49:44.695  1094  1094 E SystemServer: 	at com.android.server.NetworkManagementService.systemReady(NetworkManagementService.java:324)
01-01 00:49:44.695  1094  1094 E SystemServer: 	at com.android.server.SystemServer$2.run(SystemServer.java:1118)
01-01 00:49:44.695  1094  1094 E SystemServer: 	at com.android.server.am.ActivityManagerService.systemReady(ActivityManagerService.java:11859)
01-01 00:49:44.695  1094  1094 E SystemServer: 	at com.android.server.SystemServer.startOtherServices(SystemServer.java:1091)
01-01 00:49:44.695  1094  1094 E SystemServer: 	at com.android.server.SystemServer.run(SystemServer.java:270)
01-01 00:49:44.695  1094  1094 E SystemServer: 	at com.android.server.SystemServer.main(SystemServer.java:168)
01-01 00:49:44.695  1094  1094 E SystemServer: 	at java.lang.reflect.Method.invoke(Native Method)
01-01 00:49:44.695  1094  1094 E SystemServer: 	at com.android.internal.os.ZygoteInit$MethodAndArgsCaller.run(ZygoteInit.java:726)
01-01 00:49:44.695  1094  1094 E SystemServer: 	at com.android.internal.os.ZygoteInit.main(ZygoteInit.java:616)
01-01 00:49:44.702  1094  1094 I TetherStatsReporting: getTetherStats() called NetworkStats: elapsedRealtime=13734
01-01 00:49:44.702  1094  1094 I TetherStatsReporting:   [0] iface=dummy0 uid=0 set=DEFAULT tag=0x0 rxBytes=0 rxPackets=0 txBytes=112 txPackets=2 operations=0
01-01 00:49:44.702  1094  1094 I TetherStatsReporting:   [1] iface=dummy0 uid=0 set=FOREGROUND tag=0x0 rxBytes=0 rxPackets=0 txBytes=0 txPackets=0 operations=0
01-01 00:49:44.702  1094  1094 I TetherStatsReporting: binding to service
01-01 00:49:44.787  1094  1094 W SystemServer: ***********************************************
01-01 00:49:44.788  1094  1094 E SystemServer: BOOT FAILURE making Connectivity Service ready
01-01 00:49:44.788  1094  1094 E SystemServer: java.lang.NullPointerException: Attempt to invoke interface method 'int android.security.IKeystoreService.exist(java.lang.String, int)' on a null object reference
01-01 00:49:44.788  1094  1094 E SystemServer: 	at android.security.KeyStore.contains(KeyStore.java:195)
01-01 00:49:44.788  1094  1094 E SystemServer: 	at android.security.KeyStore.contains(KeyStore.java:203)
01-01 00:49:44.788  1094  1094 E SystemServer: 	at com.android.server.net.LockdownVpnTracker.isEnabled(LockdownVpnTracker.java:92)
01-01 00:49:44.788  1094  1094 E SystemServer: 	at com.android.server.ConnectivityService.updateLockdownVpn(ConnectivityService.java:3147)
01-01 00:49:44.788  1094  1094 E SystemServer: 	at com.android.server.ConnectivityService.systemReady(ConnectivityService.java:1549)
01-01 00:49:44.788  1094  1094 E SystemServer: 	at com.android.server.SystemServer$2.run(SystemServer.java:1133)
01-01 00:49:44.788  1094  1094 E SystemServer: 	at com.android.server.am.ActivityManagerService.systemReady(ActivityManagerService.java:11859)
01-01 00:49:44.788  1094  1094 E SystemServer: 	at com.android.server.SystemServer.startOtherServices(SystemServer.java:1091)
01-01 00:49:44.788  1094  1094 E SystemServer: 	at com.android.server.SystemServer.run(SystemServer.java:270)
01-01 00:49:44.788  1094  1094 E SystemServer: 	at com.android.server.SystemServer.main(SystemServer.java:168)
01-01 00:49:44.788  1094  1094 E SystemServer: 	at java.lang.reflect.Method.invoke(Native Method)
01-01 00:49:44.788  1094  1094 E SystemServer: 	at com.android.internal.os.ZygoteInit$MethodAndArgsCaller.run(ZygoteInit.java:726)
01-01 00:49:44.788  1094  1094 E SystemServer: 	at com.android.internal.os.ZygoteInit.main(ZygoteInit.java:616)
01-01 00:49:44.788  1094  1094 I SystemServiceManager: Starting phase 600
01-01 00:49:44.789  1094  1112 D BluetoothManagerService: Message: 20
01-01 00:49:44.789  1094  1112 D BluetoothManagerService: Added callback: android.bluetooth.BluetoothAdapter$1@41a79c1:true
01-01 00:49:44.789  1094  1112 D BluetoothManagerService: Message: 30
01-01 00:49:44.789  1094  1488 E BluetoothHeadset: Could not bind to Bluetooth Headset Service with Intent { act=android.bluetooth.IBluetoothHeadset }
01-01 00:49:44.791  1094  1112 D BluetoothManagerService: Message: 30
01-01 00:49:44.791  1094  1488 E BluetoothA2dp: Could not bind to Bluetooth A2DP Service with Intent { act=android.bluetooth.IBluetoothA2dp }
01-01 00:49:44.792   463  1504 I AudioFlinger: systemReady
01-01 00:49:44.792  1094  1094 I BackupManagerService: Backup enabled => false
01-01 00:49:44.803  1094  1094 E InputMethodManagerService: Ignoring updateSystemUiLocked due to an invalid token. uid:1000 token:null
01-01 00:49:44.803  1094  1094 W InputMethodUtils: Found no fallback locale. imis=[]
01-01 00:49:44.803  1094  1094 W InputMethodUtils: No software keyboard is found. imis=[] systemLocale=en_US fallbackLocale=null
01-01 00:49:44.803  1094  1094 W InputMethodManagerService: Reset the default IME as "Resource" is ready here.
01-01 00:49:44.803  1094  1094 W InputMethodUtils: Found no fallback locale. imis=[]
01-01 00:49:44.803  1094  1094 W InputMethodUtils: No software keyboard is found. imis=[] systemLocale=en_US fallbackLocale=null
01-01 00:49:44.805  1094  1488 E SoundPool: error loading /system/media/audio/ui/Effect_Tick.ogg
01-01 00:49:44.805  1094  1488 W AudioService: Soundpool could not load file: /system/media/audio/ui/Effect_Tick.ogg
01-01 00:49:44.805  1094  1488 E SoundPool: error loading /system/media/audio/ui/Effect_Tick.ogg
01-01 00:49:44.805  1094  1488 W AudioService: Soundpool could not load file: /system/media/audio/ui/Effect_Tick.ogg
01-01 00:49:44.805  1094  1488 E SoundPool: error loading /system/media/audio/ui/Effect_Tick.ogg
01-01 00:49:44.805  1094  1488 W AudioService: Soundpool could not load file: /system/media/audio/ui/Effect_Tick.ogg
01-01 00:49:44.805  1094  1488 E SoundPool: error loading /system/media/audio/ui/Effect_Tick.ogg
01-01 00:49:44.805  1094  1488 W AudioService: Soundpool could not load file: /system/media/audio/ui/Effect_Tick.ogg
01-01 00:49:44.805  1094  1488 E SoundPool: error loading /system/media/audio/ui/Effect_Tick.ogg
01-01 00:49:44.805  1094  1488 W AudioService: Soundpool could not load file: /system/media/audio/ui/Effect_Tick.ogg
01-01 00:49:44.805  1094  1488 E SoundPool: error loading /system/media/audio/ui/KeypressStandard.ogg
01-01 00:49:44.805  1094  1478 I TetherStatsReporting: getTetherStats() called NetworkStats: elapsedRealtime=13839
01-01 00:49:44.805  1094  1478 I TetherStatsReporting:   [0] iface=dummy0 uid=0 set=DEFAULT tag=0x0 rxBytes=0 rxPackets=0 txBytes=112 txPackets=2 operations=0
01-01 00:49:44.805  1094  1478 I TetherStatsReporting:   [1] iface=dummy0 uid=0 set=FOREGROUND tag=0x0 rxBytes=0 rxPackets=0 txBytes=0 txPackets=0 operations=0
01-01 00:49:44.805  1094  1488 W AudioService: Soundpool could not load file: /system/media/audio/ui/KeypressStandard.ogg
01-01 00:49:44.805  1094  1478 I TetherStatsReporting: binding to service
01-01 00:49:44.805  1094  1488 E SoundPool: error loading /system/media/audio/ui/KeypressSpacebar.ogg
01-01 00:49:44.805  1094  1488 W AudioService: Soundpool could not load file: /system/media/audio/ui/KeypressSpacebar.ogg
01-01 00:49:44.805  1094  1488 E SoundPool: error loading /system/media/audio/ui/KeypressDelete.ogg
01-01 00:49:44.806  1094  1488 W AudioService: Soundpool could not load file: /system/media/audio/ui/KeypressDelete.ogg
01-01 00:49:44.806  1094  1488 E SoundPool: error loading /system/media/audio/ui/KeypressReturn.ogg
01-01 00:49:44.806  1094  1488 W AudioService: Soundpool could not load file: /system/media/audio/ui/KeypressReturn.ogg
01-01 00:49:44.806  1094  1488 E SoundPool: error loading /system/media/audio/ui/KeypressInvalid.ogg
01-01 00:49:44.806  1094  1488 W AudioService: Soundpool could not load file: /system/media/audio/ui/KeypressInvalid.ogg
01-01 00:49:44.806  1094  1488 W AudioService: onLoadSoundEffects(), Error -1 while loading samples
01-01 00:49:44.812  1094  1094 E LocSvc_afw: E/GSS open failed: No such file or directory
01-01 00:49:44.812  1094  1094 E LocSvc_afw: E/get_extension: Invalid interface passed in
01-01 00:49:44.812  1094  1094 E LocSvc_afw: E/const GpsGeofencingInterface* get_geofence_interface(), dlopen for libgeofence.so failed, error = dlopen failed: library "libgeofence.so" not found
01-01 00:49:44.812  1094  1094 E LocSvc_afw: E/get_extension: Invalid interface passed in
01-01 00:49:44.815  1094  1107 D GpsLocationProvider: Reset GPS properties, previous size = 0
01-01 00:49:44.815  1094  1107 D GpsLocationProvider: GpsParamsResource: SUPL_HOST=supl.google.com
01-01 00:49:44.815  1094  1107 D GpsLocationProvider: GpsParamsResource: SUPL_PORT=7275
01-01 00:49:44.815  1094  1107 D GpsLocationProvider: GpsParamsResource: NTP_SERVER=north-america.pool.ntp.org
01-01 00:49:44.815  1094  1107 D GpsLocationProvider: GpsParamsResource: SUPL_VER=0x20000
01-01 00:49:44.815  1094  1107 D GpsLocationProvider: GpsParamsResource: SUPL_MODE=1
01-01 00:49:44.816  1094  1107 D GpsLocationProvider: GPS properties reloaded, size = 16
01-01 00:49:44.816  1094  1107 E LocSvc_eng: I/===> int loc_eng_set_server_proxy(loc_eng_data_s_type&, LocServerType, const char*, int) line 2587 
01-01 00:49:44.817  1094  1107 D GpsLocationProvider: GPS configuration:
01-01 00:49:44.817  1094  1107 D GpsLocationProvider:  #Thu Jan 01 00:49:44 GMT+00:00 1970
01-01 00:49:44.817  1094  1107 D GpsLocationProvider: SUPL_HOST=supl.google.com
01-01 00:49:44.817  1094  1107 D GpsLocationProvider: SUPL_PORT=7275
01-01 00:49:44.817  1094  1107 D GpsLocationProvider: XTRA_VERSION_CHECK=0
01-01 00:49:44.817  1094  1107 D GpsLocationProvider: DEBUG_LEVEL=3
01-01 00:49:44.817  1094  1107 D GpsLocationProvider: SUPL_ES=0
01-01 00:49:44.817  1094  1107 D GpsLocationProvider: NMEA_PROVIDER=0
01-01 00:49:44.817  1094  1107 D GpsLocationProvider: CAPABILITIES=0x37
01-01 00:49:44.817  1094  1107 D GpsLocationProvider: SUPL_VER=0x10000
01-01 00:49:44.817  1094  1107 D GpsLocationProvider: ERR_ESTIMATE=0
01-01 00:49:44.817  1094  1107 D GpsLocationProvider: A_GLONASS_POS_PROTOCOL_SELECT=0
01-01 00:49:44.817  1094  1107 D GpsLocationProvider: INTERMEDIATE_POS=0
01-01 00:49:44.817  1094  1107 D GpsLocationProvider: SGLTE_TARGET=0
01-01 00:49:44.817  1094  1107 D GpsLocationProvider: LPP_PROFILE=2
01-01 00:49:44.817  1094  1107 D GpsLocationProvider: USE_EMERGENCY_PDN_FOR_EMERGENCY_SUPL=1
01-01 00:49:44.817  1094  1107 D GpsLocationProvider: NTP_SERVER=time.gpsonextra.net
01-01 00:49:44.817  1094  1107 D GpsLocationProvider: SUPL_MODE=1
01-01 00:49:44.817  1094  1107 E LocSvc_eng: I/===> void loc_eng_configuration_update(loc_eng_data_s_type&, const char*, int32_t) line 2712 
01-01 00:49:44.817  1094  1107 D GpsLocationProvider: final config = #Thu Jan 01 00:49:44 GMT+00:00 1970
01-01 00:49:44.817  1094  1107 D GpsLocationProvider: SUPL_HOST=supl.google.com
01-01 00:49:44.817  1094  1107 D GpsLocationProvider: SUPL_PORT=7275
01-01 00:49:44.817  1094  1107 D GpsLocationProvider: XTRA_VERSION_CHECK=0
01-01 00:49:44.817  1094  1107 D GpsLocationProvider: DEBUG_LEVEL=3
01-01 00:49:44.817  1094  1107 D GpsLocationProvider: SUPL_ES=0
01-01 00:49:44.817  1094  1107 D GpsLocationProvider: NMEA_PROVIDER=0
01-01 00:49:44.817  1094  1107 D GpsLocationProvider: CAPABILITIES=0x37
01-01 00:49:44.817  1094  1107 D GpsLocationProvider: SUPL_VER=0x10000
01-01 00:49:44.817  1094  1107 D GpsLocationProvider: ERR_ESTIMATE=0
01-01 00:49:44.817  1094  1107 D GpsLocationProvider: A_GLONASS_POS_PROTOCOL_SELECT=0
01-01 00:49:44.817  1094  1107 D GpsLocationProvider: INTERMEDIATE_POS=0
01-01 00:49:44.817  1094  1107 D GpsLocationProvider: SGLTE_TARGET=0
01-01 00:49:44.817  1094  1107 D GpsLocationProvider: LPP_PROFILE=2
01-01 00:49:44.817  1094  1107 D GpsLocationProvider: USE_EMERGENCY_PDN_FOR_EMERGENCY_SUPL=1
01-01 00:49:44.817  1094  1107 D GpsLocationProvider: NTP_SERVER=time.gpsonextra.net
01-01 00:49:44.817  1094  1107 D GpsLocationProvider: SUPL_MODE=1
01-01 00:49:44.819  1094  1094 W ServiceWatcher: com.qualcomm.location not found
01-01 00:49:44.819  1094  1094 W LocationManagerService: no network location provider found
01-01 00:49:44.819  1094  1094 W ServiceWatcher: com.qualcomm.location not found
01-01 00:49:44.820  1094  1094 E LocationManagerService: no fused location provider found
01-01 00:49:44.820  1094  1094 E LocationManagerService: java.lang.IllegalStateException: Location service needs a fused location provider
01-01 00:49:44.820  1094  1094 E LocationManagerService: 	at com.android.server.LocationManagerService.loadProvidersLocked(LocationManagerService.java:501)
01-01 00:49:44.820  1094  1094 E LocationManagerService: 	at com.android.server.LocationManagerService.systemRunning(LocationManagerService.java:291)
01-01 00:49:44.820  1094  1094 E LocationManagerService: 	at com.android.server.SystemServer$2.run(SystemServer.java:1160)
01-01 00:49:44.820  1094  1094 E LocationManagerService: 	at com.android.server.am.ActivityManagerService.systemReady(ActivityManagerService.java:11859)
01-01 00:49:44.820  1094  1094 E LocationManagerService: 	at com.android.server.SystemServer.startOtherServices(SystemServer.java:1091)
01-01 00:49:44.820  1094  1094 E LocationManagerService: 	at com.android.server.SystemServer.run(SystemServer.java:270)
01-01 00:49:44.820  1094  1094 E LocationManagerService: 	at com.android.server.SystemServer.main(SystemServer.java:168)
01-01 00:49:44.820  1094  1094 E LocationManagerService: 	at java.lang.reflect.Method.invoke(Native Method)
01-01 00:49:44.820  1094  1094 E LocationManagerService: 	at com.android.internal.os.ZygoteInit$MethodAndArgsCaller.run(ZygoteInit.java:726)
01-01 00:49:44.820  1094  1094 E LocationManagerService: 	at com.android.internal.os.ZygoteInit.main(ZygoteInit.java:616)
01-01 00:49:44.820  1094  1094 E LocationManagerService: no geocoder provider found
01-01 00:49:44.821  1094  1094 E FlpHardwareProvider: Error hw_get_module 'flp': -2
01-01 00:49:44.821  1094  1094 E LocationManagerService: FLP HAL not supported
01-01 00:49:44.823  1094  1094 E LocationManagerService: Unable to bind FLP Geofence proxy.
01-01 00:49:44.826   553   553 E Sensors : sns_acm_mr.c(777):Request made to disabled service
01-01 00:49:44.826   553   553 E Sensors : sns_main.c(1331):Error writing request. sns_err 3 error 0 qmi_err 0
01-01 00:49:44.826  1094  1688 E qti_ar_hal: hal_process_sam_cmc_resp: Msg 36; Result: 1, Error: 3
01-01 00:49:44.826  1094  1094 E ActivityRecognitionProxy: ServiceWatcher could not start.
01-01 00:49:44.826  1094  1094 E LocationManagerService: Unable to bind ActivityRecognitionProxy.
01-01 00:49:44.828  1094  1107 E LocSvc_eng: I/===> int loc_eng_init(loc_eng_data_s_type&, LocCallbacks*, LOC_API_ADAPTER_EVENT_MASK_T, loc_core::ContextBase*) line 1728 
01-01 00:49:44.828  1094  1094 I CommonTimeManagementService: No common time service detected on this platform.  Common time services will be unavailable.
01-01 00:49:44.829  1094  1473 I InputReader: Reconfiguring input devices.  changes=0x00000020
01-01 00:49:44.829  1094  1094 I MmsServiceBroker: Delay connecting to MmsService until an API is called
01-01 00:49:44.830  1094  1094 D MountService: onStartUser 0
01-01 00:49:44.830  1094  1094 D VoldConnector: SND -> {6 volume user_started 0}
01-01 00:49:44.832   397   420 D vold    : Linking /storage/emulated/0 to /mnt/user/0/primary
01-01 00:49:44.832  1094  1475 D VoldConnector: RCV <- {200 6 Command succeeded}
01-01 00:49:44.833  1094  1474 D MountService: Volume emulated broadcasting mounted to UserHandle{0}
01-01 00:49:44.833  1094  1094 W VoiceInteractionManagerService: no available voice interaction services found for user 0
01-01 00:49:44.833  1094  1094 W VoiceInteractionManagerService: no available voice recognition services found for user 0
01-01 00:49:44.833  1094  1107 I libmdmdetect: ESOC framework not supported
01-01 00:49:44.833  1094  1690 E LocSvc_api_v02: I/locClientOpen:1802]: Service instance id is -1
01-01 00:49:44.833  1094  1690 E LocSvc_api_v02: I/---> locClientOpenInstance line 1682 loc client open
01-01 00:49:44.834  1094  1690 E LocSvc_api_v02: I/---> locClientSendReq line 1959 QMI_LOC_REG_EVENTS_REQ_V02
01-01 00:49:44.834  1094  1107 I ServiceManager: Waiting for service vendor.qcom.PeripheralManager...
01-01 00:49:44.835  1094  1473 I InputReader: Reconfiguring input devices.  changes=0x00000010
01-01 00:49:44.835  1094  1690 E LocSvc_api_v02: I/---> locClientSupportMsgCheck line 2070 QMI_LOC_GET_SUPPORTED_MSGS_REQ_V02
01-01 00:49:44.836  1094  1690 E LocSvc_api_v02: I/---> locClientSendReq line 1959 QMI_LOC_QUERY_AON_CONFIG_REQ_V02
01-01 00:49:44.837  1094  1692 E QMI_FW  : QCCI qmi_cci_xport_recv: txn not found. svc_id: 16
01-01 00:49:44.837  1094  1690 E LocSvc_ApiV02: E/virtual loc_api_adapter_err LocApiV02::open(LOC_API_ADAPTER_EVENT_MASK_T):271]: Query AON config is not supported.
01-01 00:49:44.837  1094  1690 E LocSvc_LBSProxy: E/virtual void lbs_core::LBSProxy::injectFeatureConfig(loc_core::ContextBase*) const::InjectAdapter::injectFeatureConfig() const:332]: Unrecognized value for GTP CELL Mode. Setting GTP CELL to default mode: BASIC
01-01 00:49:44.837  1094  1690 E LocSvc_LBSProxy: E/virtual void lbs_core::LBSProxy::injectFeatureConfig(loc_core::ContextBase*) const::InjectAdapter::injectFeatureConfig() const:351]: Unrecognized value for SAP Mode. Setting SAP to default mode: BASIC
01-01 00:49:44.837  1094  1690 E LocSvc_api_v02: I/---> locClientSendReq line 1959 QMI_LOC_SET_PREMIUM_SERVICES_CONFIG_REQ_V02
01-01 00:49:44.839  1094  1692 E LocSvc_ApiV02: I/<--- void globalRespCb(locClientHandleType, uint32_t, locClientRespIndUnionType, void*) line 114 QMI_LOC_SET_PREMIUM_SERVICES_CONFIG_REQ_V02
01-01 00:49:44.839  1094  1690 E LocSvc_api_v02: I/---> locClientSendReq line 1959 QMI_LOC_SET_PREMIUM_SERVICES_CONFIG_REQ_V02
01-01 00:49:44.840  1094  1094 I ActivityManager: Start proc 1693:org.mortbay.ijetty/u0a12 for added application org.mortbay.ijetty
01-01 00:49:44.840  1094  1692 E LocSvc_ApiV02: I/<--- void globalRespCb(locClientHandleType, uint32_t, locClientRespIndUnionType, void*) line 114 QMI_LOC_SET_PREMIUM_SERVICES_CONFIG_REQ_V02
01-01 00:49:44.840  1094  1690 E LocSvc_api_v02: I/---> locClientSendReq line 1959 QMI_LOC_REG_EVENTS_REQ_V02
01-01 00:49:44.841  1094  1690 E LocSvc_api_v02: I/---> locClientSendReq line 1959 QMI_LOC_SET_GNSS_CONSTELL_REPORT_CONFIG_V02
01-01 00:49:44.844  1094  1692 E LocSvc_ApiV02: I/<--- void globalRespCb(locClientHandleType, uint32_t, locClientRespIndUnionType, void*) line 114 QMI_LOC_SET_GNSS_CONSTELL_REPORT_CONFIG_V02
01-01 00:49:44.844  1094  1690 E LocSvc_api_v02: I/---> locClientSendReq line 1959 QMI_LOC_SET_ENGINE_LOCK_REQ_V02
01-01 00:49:44.845  1094  1692 E LocSvc_ApiV02: I/<--- void globalRespCb(locClientHandleType, uint32_t, locClientRespIndUnionType, void*) line 114 QMI_LOC_SET_ENGINE_LOCK_REQ_V02
01-01 00:49:44.847  1094  1094 I ActivityManager: Start proc 1704:com.quicinc.cne.CNEService/1000 for added application com.quicinc.cne.CNEService
01-01 00:49:44.847  1094  1690 E LocSvc_api_v02: I/---> locClientSendReq line 1959 QMI_LOC_SET_PROTOCOL_CONFIG_PARAMETERS_REQ_V02
01-01 00:49:44.848  1094  1692 E LocSvc_ApiV02: I/<--- void globalRespCb(locClientHandleType, uint32_t, locClientRespIndUnionType, void*) line 114 QMI_LOC_SET_PROTOCOL_CONFIG_PARAMETERS_REQ_V02
01-01 00:49:44.848  1094  1690 E LocSvc_api_v02: I/---> locClientSendReq line 1959 QMI_LOC_SET_PROTOCOL_CONFIG_PARAMETERS_REQ_V02
01-01 00:49:44.849  1094  1692 E LocSvc_ApiV02: I/<--- void globalRespCb(locClientHandleType, uint32_t, locClientRespIndUnionType, void*) line 114 QMI_LOC_SET_PROTOCOL_CONFIG_PARAMETERS_REQ_V02
01-01 00:49:44.850  1094  1690 E LocSvc_api_v02: I/---> locClientSendReq line 1959 QMI_LOC_SET_SENSOR_CONTROL_CONFIG_REQ_V02
01-01 00:49:44.851  1094  1692 E LocSvc_ApiV02: I/<--- void globalRespCb(locClientHandleType, uint32_t, locClientRespIndUnionType, void*) line 114 QMI_LOC_SET_SENSOR_CONTROL_CONFIG_REQ_V02
01-01 00:49:44.851  1094  1690 E LocSvc_api_v02: I/---> locClientSendReq line 1959 QMI_LOC_SET_PROTOCOL_CONFIG_PARAMETERS_REQ_V02
01-01 00:49:44.853  1094  1692 E LocSvc_ApiV02: I/<--- void globalRespCb(locClientHandleType, uint32_t, locClientRespIndUnionType, void*) line 114 QMI_LOC_SET_PROTOCOL_CONFIG_PARAMETERS_REQ_V02
01-01 00:49:44.853  1094  1690 E LocSvc_api_v02: I/---> locClientSendReq line 1959 QMI_LOC_SET_SENSOR_PERFORMANCE_CONTROL_CONFIGURATION_REQ_V02
01-01 00:49:44.855  1094  1692 E LocSvc_ApiV02: I/<--- void globalRespCb(locClientHandleType, uint32_t, locClientRespIndUnionType, void*) line 114 QMI_LOC_SET_SENSOR_PERFORMANCE_CONTROL_CONFIGURATION_REQ_V02
01-01 00:49:44.855  1094  1690 E LocSvc_api_v02: I/---> locClientSendReq line 1959 QMI_LOC_SET_XTRA_VERSION_CHECK_REQ_V02
01-01 00:49:44.856  1094  1692 E LocSvc_ApiV02: I/<--- void globalRespCb(locClientHandleType, uint32_t, locClientRespIndUnionType, void*) line 114 QMI_LOC_SET_XTRA_VERSION_CHECK_REQ_V02
01-01 00:49:44.856  1094  1690 D GpsLocationProvider: set_capabilities_callback: 49u
01-01 00:49:44.858  1094  1094 I ActivityManager: Start proc 1717:com.android.phone/1001 for added application com.android.phone
01-01 00:49:44.858  1094  1094 I ActivityManager: START u0 {act=android.intent.action.MAIN cat=[android.intent.category.HOME] flg=0x10000000 cmp=com.android.launcher/com.android.launcher2.Launcher} from uid 0 on display 0
01-01 00:49:44.861  1094  1094 V BoostFramework: mAcquireFunc method = public int com.qualcomm.qti.Performance.perfLockAcquire(int,int[])
01-01 00:49:44.861  1094  1094 V BoostFramework: mReleaseFunc method = public int com.qualcomm.qti.Performance.perfLockRelease()
01-01 00:49:44.861  1094  1094 V BoostFramework: mAcquireTouchFunc method = public int com.qualcomm.qti.Performance.perfLockAcquireTouch(android.view.MotionEvent,android.util.DisplayMetrics,int,int[])
01-01 00:49:44.861  1094  1094 V BoostFramework: mIOPStart method = public int com.qualcomm.qti.Performance.perfIOPrefetchStart(int,java.lang.String)
01-01 00:49:44.861  1094  1094 V BoostFramework: mIOPStop method = public int com.qualcomm.qti.Performance.perfIOPrefetchStop()
01-01 00:49:44.862  1094  1094 V BoostFramework: BoostFramework() : mPerf = com.qualcomm.qti.Performance@2760cb0
01-01 00:49:44.863  1094  1094 V BoostFramework: BoostFramework() : mPerf = com.qualcomm.qti.Performance@4413729
01-01 00:49:44.863  1094  1094 V BoostFramework: BoostFramework() : mPerf = com.qualcomm.qti.Performance@1492aae
01-01 00:49:44.866  1094  1094 V BoostFramework: BoostFramework() : mPerf = com.qualcomm.qti.Performance@20d1ce5
01-01 00:49:44.877  1094  1094 V BoostFramework: BoostFramework() : mPerf = com.qualcomm.qti.Performance@c8143ba
01-01 00:49:44.877  1094  1094 I ActivityManager: Start proc 1732:com.android.launcher/u0a4 for activity com.android.launcher/com.android.launcher2.Launcher
01-01 00:49:44.880  1094  1094 I SystemServer: Enabled StrictMode for system server main thread.
01-01 00:49:44.887  1535  1535 D MediaScannerReceiver: action: android.intent.action.MEDIA_MOUNTED path: /storage/emulated/0
01-01 00:49:44.895  1704  1704 W System  : ClassLoader referenced unknown path: /system/priv-app/CNEService/lib/arm64
01-01 00:49:44.896  1094  1094 D RttService: SCAN_AVAILABLE : 1
01-01 00:49:44.896  1094  1109 W WindowManager: Keyguard drawn timeout. Setting mKeyguardDrawComplete
01-01 00:49:44.896  1693  1693 W System  : ClassLoader referenced unknown path: /system/app/CamOS-VideoServer/lib/arm64
01-01 00:49:44.897  1094  1513 D RttService: DefaultState got{ when=0 what=160513 target=com.android.internal.util.StateMachine$SmHandler }
01-01 00:49:44.900  1523  1523 V StatusBar: userId 0 is in the house
01-01 00:49:44.902  1523  1747 E ActivityThread: Failed to find provider info for com.android.contacts
01-01 00:49:44.902  1717  1717 W System  : ClassLoader referenced unknown path: /system/priv-app/TeleService/lib/arm64
01-01 00:49:44.908  1732  1732 W System  : ClassLoader referenced unknown path: /system/priv-app/Launcher2/lib/arm64
01-01 00:49:44.911  1704  1704 D CNEServiceApp: start cne
01-01 00:49:44.922  1094  1482 D WifiService: New client listening to asynchronous messages
01-01 00:49:44.927  1704  1704 E QCNEJ   : |CORE| Feature WQE is not enabled
01-01 00:49:44.927  1704  1754 I QCNEJ   : |CORE:COM:RCVR| CNE creating socket
01-01 00:49:44.928  1704  1754 I QCNEJ   : |CORE:COM:RCVR| Connected to 'cnd' socket
01-01 00:49:44.929  1094  1745 D ConnectivityService: listenForNetwork for Listen from uid/pid:1000/1704 for NetworkRequest [ id=4, legacyType=-1, [ Transports: WIFI Capabilities: INTERNET&NOT_RESTRICTED&TRUSTED&NOT_VPN] ]
01-01 00:49:44.929  1704  1704 D CNEServiceApp: broadcast cne started
01-01 00:49:44.930  1704  1704 W ContextImpl: Calling a method in the system process without a qualified user: android.app.ContextImpl.sendBroadcast:763 android.content.ContextWrapper.sendBroadcast:396 com.quicinc.cne.CNEService.CNEServiceApp.broadcastCNEStarted:103 com.quicinc.cne.CNEService.CNEServiceApp.startCne:123 com.quicinc.cne.CNEService.CNEServiceApp.onCreate:94 
01-01 00:49:44.943  1717  1717 W System  : ClassLoader referenced unknown path: /system/priv-app/TelephonyProvider/lib/arm64
01-01 00:49:44.955  1693  1693 D IPC-ControlManager: ControlManager<init>
01-01 00:49:44.959  1693  1693 E CamOS-IPCManagerCamera: : getIPCameraInstance Entry
01-01 00:49:44.959  1693  1693 E CamOS-IPCamera: : IPCamera Entry static
01-01 00:49:44.960  1693  1693 E CamOS-IPCamera: : IPCamera Entry
01-01 00:49:44.960  1693  1693 E CamOS-IPCamera: : IpcSession sCount = 0
