01-01 00:49:41.484  1094  1094 I SystemServiceManager: Starting com.android.server.devicepolicy.DevicePolicyManagerService$Lifecycle
01-01 00:49:41.488  1094  1094 I SystemServer: Status Bar
01-01 00:49:41.490  1094  1094 I SystemServer: Clipboard Service
01-01 00:49:41.491  1094  1094 I SystemServer: NetworkManagement Service
01-01 00:49:41.494  1094  1094 I SystemServer: Text Service Manager Service
01-01 00:49:41.496  1094  1094 W TextServicesManagerService: no available spell checker services found
01-01 00:49:41.496  1094  1094 I SystemServer: Network Score Service
01-01 00:49:41.498  1094  1094 I SystemServer: NetworkStats Service
01-01 00:49:41.504  1094  1094 I SystemServer: NetworkPolicy Service
01-01 00:49:41.520  1094  1094 I SystemServiceManager: Starting com.android.server.wifi.p2p.WifiP2pService
01-01 00:49:41.534  1094  1473 D EventHub: No input device configuration file found for device 'hbtp_vm'.
01-01 00:49:41.534  1094  1473 I EventHub: New device: id=4, fd=93, path='/dev/input/event0', name='hbtp_vm', classes=0x8, configuration='', keyLayout='', keyCharacterMap='', builtinKeyboard=false, wakeMechanism=EPOLLWAKEUP, usingClockIoctl=true
01-01 00:49:41.534  1094  1473 E EventHub: could not get driver version for /dev/input/mice, Not a typewriter
01-01 00:49:41.545  1094  1094 I WifiP2pService: Registering wifip2p
01-01 00:49:41.546  1094  1094 I SystemServiceManager: Starting com.android.server.wifi.WifiService
01-01 00:49:41.618  1094  1094 D HS20    : Passpoint is disabled
01-01 00:49:41.632  1094  1094 D WifiController: isAirplaneModeOn = false, isWifiEnabled = false, isScanningAvailable = false
01-01 00:49:41.633  1094  1094 I WifiService: Registering wifi
01-01 00:49:41.634  1094  1094 I SystemServiceManager: Starting com.android.server.wifi.WifiScanningService
01-01 00:49:41.634  1094  1094 I WifiScanningService: Creating wifiscanner
01-01 00:49:41.634  1094  1094 I WifiScanningService: Starting wifiscanner
01-01 00:49:41.635  1094  1094 I SystemServiceManager: Starting com.android.server.wifi.RttService
01-01 00:49:41.635  1094  1094 I RttService: Creating rttmanager
01-01 00:49:41.635  1094  1094 I RttService: Starting rttmanager
01-01 00:49:41.636  1094  1094 I SystemServiceManager: Starting com.android.server.ethernet.EthernetService
01-01 00:49:41.637  1094  1094 I EthernetServiceImpl: Creating EthernetConfigStore
01-01 00:49:41.639  1094  1094 I EthernetServiceImpl: Read stored IP configuration: IP assignment: STATIC
01-01 00:49:41.639  1094  1094 I EthernetServiceImpl: Static configuration: IP address 192.168.1.111/24 Gateway 192.168.1.1  DNS servers: [ 192.168.1.1 192.168.1.1 ] Domains
01-01 00:49:41.639  1094  1094 I EthernetServiceImpl: Proxy settings: NONE
01-01 00:49:41.640  1094  1094 I EthernetService: Registering service ethernet
01-01 00:49:41.640  1094  1094 I SystemServer: Connectivity Service
01-01 00:49:41.641  1094  1094 D ConnectivityService: ConnectivityService starting up
01-01 00:49:41.643  1094  1094 D ConnectivityService: wifiOnly=true
01-01 00:49:41.643  1094  1094 D ConnectivityService: networkAttributes - ignoring mobile as this dev is wifiOnly 0
01-01 00:49:41.643  1094  1094 D ConnectivityService: networkAttributes - ignoring mobile as this dev is wifiOnly 2
01-01 00:49:41.643  1094  1094 D ConnectivityService: networkAttributes - ignoring mobile as this dev is wifiOnly 3
01-01 00:49:41.643  1094  1094 D ConnectivityService: networkAttributes - ignoring mobile as this dev is wifiOnly 4
01-01 00:49:41.643  1094  1094 D ConnectivityService: networkAttributes - ignoring mobile as this dev is wifiOnly 5
01-01 00:49:41.643  1094  1094 D ConnectivityService: networkAttributes - ignoring mobile as this dev is wifiOnly 10
01-01 00:49:41.643  1094  1094 D ConnectivityService: networkAttributes - ignoring mobile as this dev is wifiOnly 11
01-01 00:49:41.643  1094  1094 D ConnectivityService: networkAttributes - ignoring mobile as this dev is wifiOnly 12
01-01 00:49:41.643  1094  1094 E ConnectivityService: Ignoring protectedNetwork 10
01-01 00:49:41.644  1094  1094 E ConnectivityService: Ignoring protectedNetwork 11
01-01 00:49:41.644  1094  1094 E ConnectivityService: Ignoring protectedNetwork 12
01-01 00:49:41.644  1094  1094 E ConnectivityService: Ignoring protectedNetwork 14
01-01 00:49:41.644  1094  1094 E ConnectivityService: Ignoring protectedNetwork 15
01-01 00:49:41.647  1094  1094 I SystemServer: Network Service Discovery Service
01-01 00:49:41.649  1094  1094 D NsdService: Network service discovery enabled true
01-01 00:49:41.650  1094  1094 I SystemServer: UpdateLock Service
01-01 00:49:41.651  1094  1094 I SystemServiceManager: Starting com.android.server.notification.NotificationManagerService
01-01 00:49:41.654  1094  1473 D EventHub: No input device configuration file found for device 'gpio-keys'.
01-01 00:49:41.658  1094  1473 W EventHub: Unable to disable kernel key repeat for /dev/input/event2: Function not implemented
01-01 00:49:41.658  1094  1473 I EventHub: New device: id=5, fd=102, path='/dev/input/event2', name='gpio-keys', classes=0x1, configuration='', keyLayout='/system/usr/keylayout/gpio-keys.kl', keyCharacterMap='/system/usr/keychars/Generic.kcm', builtinKeyboard=false, wakeMechanism=EPOLLWAKEUP, usingClockIoctl=true
01-01 00:49:41.662  1094  1473 I InputReader: Device added: id=-1, name='Virtual', sources=0x00000301
01-01 00:49:41.662  1094  1473 I InputReader: Device added: id=5, name='gpio-keys', sources=0x00000101
01-01 00:49:41.668  1094  1473 I InputReader: Device added: id=4, name='hbtp_vm', sources=0x00002002
01-01 00:49:41.668  1094  1473 I InputReader: Device added: id=3, name='qpnp_pon', sources=0x00000101
01-01 00:49:41.668  1094  1473 I InputReader: Device added: id=2, name='msm8976-skun-snd-card Button Jack', sources=0x00000101
01-01 00:49:41.668  1094  1473 I InputReader: Device added: id=1, name='msm8976-skun-snd-card Headset Jack', sources=0x80000000
01-01 00:49:41.669  1094  1473 I InputReader: Reconfiguring input devices.  changes=0x00000004
01-01 00:49:41.671  1094  1094 I SystemServiceManager: Starting com.android.server.storage.DeviceStorageMonitorService
01-01 00:49:41.674  1094  1094 I SystemServer: Location Manager
01-01 00:49:41.676  1094  1094 I SystemServer: Country Detector
01-01 00:49:41.678  1094  1094 I SystemServer: Search Service
01-01 00:49:41.679  1094  1094 I SystemServer: DropBox Service
01-01 00:49:41.679  1094  1094 I SystemServer: Wallpaper Service
01-01 00:49:41.682  1094  1094 I SystemServer: Audio Service
01-01 00:49:41.689  1094  1488 I ServiceManager: Waiting for service media.audio_policy...
01-01 00:49:41.691  1094  1094 W TelecomManager: Telecom Service not found.
01-01 00:49:41.828  1094  1481 D WifiHW  : Unable to unload driver module "wlan": No such file or directory
01-01 00:49:41.829  1094  1481 D WifiApConfigStore: 2G band allowed channels are:1,6,11
01-01 00:49:42.179   463   463 I AudioPolicyService: AudioPolicyService CSTOR in new mode
01-01 00:49:42.183   463   463 W APM::Devices: DeviceVector::add device 80000040 already in
01-01 00:49:42.183   463   463 I APM::ConfigParsingUtils: loadAudioPolicyConfig() loaded /system/etc/audio_policy.conf
01-01 00:49:42.192   463   463 D audio_hw_primary: adev_open: enter
01-01 00:49:42.206   463   463 D msm8916_platform: platform_init: mixer path file is /system/etc/mixer_paths_qrd_skun_cajon.xml
01-01 00:49:42.392   463   463 E audio_route: Control 'HPHL Volume' doesn't exist - skipping
01-01 00:49:42.392   463   463 E audio_route: Control 'HPHR Volume' doesn't exist - skipping
01-01 00:49:42.393   463   463 E audio_route: Control 'RX2 MIX2 INP2' doesn't exist - skipping
01-01 00:49:42.393   463   463 E audio_route: Control 'RX1 MIX2 INP2' doesn't exist - skipping
01-01 00:49:42.393   463   463 E audio_route: Control 'SpkrMono WSA_RDAC' doesn't exist - skipping
01-01 00:49:42.393   463   463 E audio_route: Control 'SpkrMono BOOST Switch' doesn't exist - skipping
01-01 00:49:42.393   463   463 E audio_route: Control 'SpkrMono VISENSE Switch' doesn't exist - skipping
01-01 00:49:42.393   463   463 E audio_route: Control 'PRI_MI2S_RX Port Mixer INT_BT_SCO_TX' doesn't exist - skipping
01-01 00:49:42.393   463   463 E audio_route: Control 'INTERNAL_BT_SCO_RX Audio Mixer Multimedia6' doesn't exist - skipping
01-01 00:49:42.394   463   463 E audio_route: Control 'MI2S_DL_HL Switch' doesn't exist - skipping
01-01 00:49:42.394   463   463 E audio_route: Control 'MI2S_DL_HL Switch' doesn't exist - skipping
01-01 00:49:42.395   463   463 E audio_route: Control 'MultiMedia8 Mixer TERT_MI2S_TX' doesn't exist - skipping
01-01 00:49:42.395   463   463 E audio_route: Control 'MI2S_DL_HL Switch' doesn't exist - skipping
01-01 00:49:42.396   463   463 E audio_route: Control 'SpkrMono WSA_RDAC' doesn't exist - skipping
01-01 00:49:42.396   463   463 E audio_route: Control 'SpkrMono VISENSE Switch' doesn't exist - skipping
01-01 00:49:42.397   463   463 E audio_route: Control 'MI2S_DL_HL Switch' doesn't exist - skipping
01-01 00:49:42.416   463   463 D msm8916_platform: platform_init: Opened sound card:0
01-01 00:49:42.416   463   463 D msm8916_platform: Opening /sys/class/thermal/thermal_zone0/type
01-01 00:49:42.416   463   463 D msm8916_platform: Opening /sys/class/thermal/thermal_zone1/type
01-01 00:49:42.416   463   463 D msm8916_platform: Opening /sys/class/thermal/thermal_zone2/type
01-01 00:49:42.416   463   463 D msm8916_platform: Opening /sys/class/thermal/thermal_zone3/type
01-01 00:49:42.416   463   463 D msm8916_platform: Opening /sys/class/thermal/thermal_zone4/type
01-01 00:49:42.416   463   463 D msm8916_platform: Opening /sys/class/thermal/thermal_zone5/type
01-01 00:49:42.416   463   463 D msm8916_platform: Opening /sys/class/thermal/thermal_zone6/type
01-01 00:49:42.417   463   463 D msm8916_platform: Opening /sys/class/thermal/thermal_zone7/type
01-01 00:49:42.417   463   463 D msm8916_platform: Opening /sys/class/thermal/thermal_zone8/type
01-01 00:49:42.417   463   463 D msm8916_platform: Opening /sys/class/thermal/thermal_zone9/type
01-01 00:49:42.417   463   463 D msm8916_platform: Opening /sys/class/thermal/thermal_zone10/type
01-01 00:49:42.417   463   463 D msm8916_platform: Opening /sys/class/thermal/thermal_zone11/type
01-01 00:49:42.417   463   463 D msm8916_platform: Opening /sys/class/thermal/thermal_zone12/type
01-01 00:49:42.417   463   463 D msm8916_platform: Opening /sys/class/thermal/thermal_zone13/type
01-01 00:49:42.417   463   463 D msm8916_platform: Opening /sys/class/thermal/thermal_zone14/type
01-01 00:49:42.417   463   463 D msm8916_platform: Opening /sys/class/thermal/thermal_zone15/type
01-01 00:49:42.417   463   463 D msm8916_platform: Opening /sys/class/thermal/thermal_zone16/type
01-01 00:49:42.417   463   463 D msm8916_platform: Opening /sys/class/thermal/thermal_zone17/type
01-01 00:49:42.417   463   463 D msm8916_platform: Opening /sys/class/thermal/thermal_zone18/type
01-01 00:49:42.417   463   463 D msm8916_platform: Opening /sys/class/thermal/thermal_zone19/type
01-01 00:49:42.417   463   463 D audio_hw_extn: audio_extn_can_use_vbat: vbat.enabled property is set to 0
01-01 00:49:42.426   463   463 D ACDB-LOADER: ACDB -> Load file: /etc/acdbdata/MTP/MTP_Bluetooth_cal.acdb
01-01 00:49:42.426   463   463 D ACDB-LOADER: ACDB -> Load file: /etc/acdbdata/MTP/MTP_General_cal.acdb
01-01 00:49:42.426   463   463 D ACDB-LOADER: ACDB -> Load file: /etc/acdbdata/MTP/MTP_Global_cal.acdb
01-01 00:49:42.426   463   463 D ACDB-LOADER: ACDB -> Load file: /etc/acdbdata/MTP/MTP_Handset_cal.acdb
01-01 00:49:42.426   463   463 D ACDB-LOADER: ACDB -> Load file: /etc/acdbdata/MTP/MTP_Hdmi_cal.acdb
01-01 00:49:42.426   463   463 D ACDB-LOADER: ACDB -> Load file: /etc/acdbdata/MTP/MTP_Headset_cal.acdb
01-01 00:49:42.426   463   463 D ACDB-LOADER: ACDB -> Load file: /etc/acdbdata/MTP/MTP_Speaker_cal.acdb
01-01 00:49:42.426   463   463 D ACDB-LOADER: ACDB -> ACDB_CMD_INITIALIZE_V2
01-01 00:49:42.427   463   463 D         : [ACDB Command]->SW Minor/Major/Revision version info for /etc/acdbdata/MTP/MTP_Bluetooth_cal.acdb
01-01 00:49:42.427   463   463 D         : [ACDB Command]->ACDB Sw Major = 6, ACDB Sw Minor = 0, ACDB Sw Revision = 5
01-01 00:49:42.427   463   463 D         : [ACDB Command]->ACDB File Major = 6, ACDB File Minor = 0, ACDB File Revision = 2
01-01 00:49:42.428   463   463 D         : [AcdbIsDeltaFileAvailable] failed to open delta file /data/misc/audio/acdbdata/delta/MTP_Bluetooth_cal.acdbdelta
01-01 00:49:42.428   463   463 D         : [ACDB Command]->SW Minor/Major/Revision version info for /etc/acdbdata/MTP/MTP_General_cal.acdb
01-01 00:49:42.428   463   463 D         : [ACDB Command]->ACDB Sw Major = 6, ACDB Sw Minor = 0, ACDB Sw Revision = 5
01-01 00:49:42.428   463   463 D         : [ACDB Command]->ACDB File Major = 6, ACDB File Minor = 0, ACDB File Revision = 2
01-01 00:49:42.428   463   463 D         : [AcdbIsDeltaFileAvailable] failed to open delta file /data/misc/audio/acdbdata/delta/MTP_General_cal.acdbdelta
01-01 00:49:42.429   463   463 D         : [ACDB Command]->SW Minor/Major/Revision version info for /etc/acdbdata/MTP/MTP_Global_cal.acdb
01-01 00:49:42.429   463   463 D         : [ACDB Command]->ACDB Sw Major = 6, ACDB Sw Minor = 0, ACDB Sw Revision = 5
01-01 00:49:42.429   463   463 D         : [ACDB Command]->ACDB File Major = 6, ACDB File Minor = 0, ACDB File Revision = 2
01-01 00:49:42.429   463   463 D         : [AcdbIsDeltaFileAvailable] failed to open delta file /data/misc/audio/acdbdata/delta/MTP_Global_cal.acdbdelta
01-01 00:49:42.432   463   463 D         : [ACDB Command]->SW Minor/Major/Revision version info for /etc/acdbdata/MTP/MTP_Handset_cal.acdb
01-01 00:49:42.432   463   463 D         : [ACDB Command]->ACDB Sw Major = 6, ACDB Sw Minor = 0, ACDB Sw Revision = 5
01-01 00:49:42.432   463   463 D         : [ACDB Command]->ACDB File Major = 6, ACDB File Minor = 0, ACDB File Revision = 2
01-01 00:49:42.432   463   463 D         : [AcdbIsDeltaFileAvailable] failed to open delta file /data/misc/audio/acdbdata/delta/MTP_Handset_cal.acdbdelta
01-01 00:49:42.432   463   463 D         : [ACDB Command]->SW Minor/Major/Revision version info for /etc/acdbdata/MTP/MTP_Hdmi_cal.acdb
01-01 00:49:42.432   463   463 D         : [ACDB Command]->ACDB Sw Major = 6, ACDB Sw Minor = 0, ACDB Sw Revision = 5
01-01 00:49:42.432   463   463 D         : [ACDB Command]->ACDB File Major = 6, ACDB File Minor = 0, ACDB File Revision = 2
01-01 00:49:42.432   463   463 D         : [AcdbIsDeltaFileAvailable] failed to open delta file /data/misc/audio/acdbdata/delta/MTP_Hdmi_cal.acdbdelta
01-01 00:49:42.434   463   463 D         : [ACDB Command]->SW Minor/Major/Revision version info for /etc/acdbdata/MTP/MTP_Headset_cal.acdb
01-01 00:49:42.434   463   463 D         : [ACDB Command]->ACDB Sw Major = 6, ACDB Sw Minor = 0, ACDB Sw Revision = 5
01-01 00:49:42.434   463   463 D         : [ACDB Command]->ACDB File Major = 6, ACDB File Minor = 0, ACDB File Revision = 2
01-01 00:49:42.434   463   463 D         : [AcdbIsDeltaFileAvailable] failed to open delta file /data/misc/audio/acdbdata/delta/MTP_Headset_cal.acdbdelta
01-01 00:49:42.438   463   463 D         : [ACDB Command]->SW Minor/Major/Revision version info for /etc/acdbdata/MTP/MTP_Speaker_cal.acdb
01-01 00:49:42.438   463   463 D         : [ACDB Command]->ACDB Sw Major = 6, ACDB Sw Minor = 0, ACDB Sw Revision = 5
01-01 00:49:42.438   463   463 D         : [ACDB Command]->ACDB File Major = 6, ACDB File Minor = 0, ACDB File Revision = 2
01-01 00:49:42.438   463   463 D         : [AcdbIsDeltaFileAvailable] failed to open delta file /data/misc/audio/acdbdata/delta/MTP_Speaker_cal.acdbdelta
01-01 00:49:42.438   463   463 D ACDB-LOADER: ACDB -> ACPH INIT
01-01 00:49:42.438   463   463 D         : [ACPH]->Online service registered with ACPH
01-01 00:49:42.439   463   463 D         : [ACPH]->ACPH init success
01-01 00:49:42.439   463   463 D ACDB-LOADER: ACDB -> RTAC INIT
01-01 00:49:42.439   463   463 D         : [ACPH]->DSP RTC service registered with ACPH
01-01 00:49:42.439   463   463 D ACDB-LOADER: ACDB -> MCS, FTS INIT
01-01 00:49:42.439   463   463 D         : [ACPH]->MCS RTC service registered with ACPH
01-01 00:49:42.439   463   463 D         : [ACPH]->FTS RTC service registered with ACPH
01-01 00:49:42.439   463   463 D ACDB-LOADER: ACDB -> ADIE RTAC INIT
01-01 00:49:42.439   463   463 D         : [ACPH]->ADIE RTC service registered with ACPH
01-01 00:49:42.439   463   463 D ACDB-LOADER: ACDB -> ACDB_CMD_GET_VOC_PROC_DYNAMIC_TABLE_SIZE
01-01 00:49:42.440   463   463 D ACDB-LOADER: ACDB -> send_meta_info, lic 0
01-01 00:49:42.440   463   463 D         : Couldnt find the key 00000000 
01-01 00:49:42.440   463   463 D         : Output from GetMetaInfoSize command : 0
01-01 00:49:42.445   463   463 D ACDB-LOADER: ACDB -> send_afe_custom_topology
01-01 00:49:42.445   463   463 D ACDB-LOADER: ACDB -> ACDB_CMD_GET_AFE_TOPOLOGIES
01-01 00:49:42.445   463   463 D         : ACDBFILE_MGR: Property for the pid 000130DE not found
01-01 00:49:42.445   463   463 D         : ACDB_COMMAND: Failed to fetch the property info for pid 000130DE 
01-01 00:49:42.445   463   463 E ACDB-LOADER: Error: ACDB get afe custom topologies returned = -18
01-01 00:49:42.445   463   463 D ACDB-LOADER: ACDB -> ACDB_CMD_GET_AFE_TOPOLOGIES: size:0x0 ret=-18 
01-01 00:49:42.445   463   463 D ACDB-LOADER: ACDB -> AUDIO_SET_AFE_CUSTOM_TOPOLOGY
01-01 00:49:42.445   463   463 D ACDB-LOADER: ACDB -> send_adm_custom_topology
01-01 00:49:42.445   463   463 D ACDB-LOADER: ACDB -> ACDB_CMD_GET_AUDIO_COPP_TOPOLOGIES
01-01 00:49:42.445   463   463 D ACDB-LOADER: ACDB -> AUDIO_SET_ADM_CUSTOM_TOPOLOGY
01-01 00:49:42.445   463   463 D ACDB-LOADER: ACDB -> send_asm_custom_topology
01-01 00:49:42.445   463   463 D ACDB-LOADER: ACDB -> ACDB_CMD_GET_AUDIO_POPP_TOPOLOGIES
01-01 00:49:42.445   463   463 D ACDB-LOADER: ACDB -> AUDIO_SET_ASM_CUSTOM_TOPOLOGY
01-01 00:49:42.445   463   463 D ACDB-LOADER: ACDB -> send_lsm_custom_topology
01-01 00:49:42.445   463   463 D ACDB-LOADER: ACDB -> ACDB_CMD_GET_LSM_TOPOLOGIES
01-01 00:49:42.445   463   463 D         : ACDBFILE_MGR: Property for the pid 000130DF not found
01-01 00:49:42.445   463   463 D         : ACDB_COMMAND: Failed to fetch the property info for pid 000130DF 
01-01 00:49:42.445   463   463 E ACDB-LOADER: Error: ACDB get lsm custom topologies returned = -18
01-01 00:49:42.445   463   463 D ACDB-LOADER: ACDB -> AUDIO_SET_LSM_CUSTOM_TOPOLOGY
01-01 00:49:42.445   463   463 D ACDB-LOADER: ACDB -> send_meta_info Enter
01-01 00:49:42.445   463   463 E ACDB-LOADER: Fail to allocate memory for metainfo
01-01 00:49:42.445   463   463 D ACDB-LOADER: ACDB -> send_meta_info failed
01-01 00:49:42.445   463   463 D ACDB-LOADER: ACDB -> init done!
01-01 00:49:42.445   463   463 D msm8916_platform: ACDB initialized
01-01 00:49:42.445   463   463 D msm8916_platform: hw_util_open Opening device /dev/snd/hwC0D1000
01-01 00:49:42.445   463   463 D msm8916_platform: hw_util_open success
01-01 00:49:42.445   463   463 D ACDB-LOADER: ACDB -> ACDB_CMD_GET_ANC_SETTING
01-01 00:49:42.445   463   463 D         : Failed to fetch the lookup information of the device 0000001A 
01-01 00:49:42.445   463   463 E ACDB-LOADER: Error: ACDB ANC returned = -19
01-01 00:49:42.445   463   463 D ACDB-LOADER: ACDB -> ACDB_CMD_GET_ANC_SETTING
01-01 00:49:42.445   463   463 D         : Failed to fetch the lookup information of the device 0000001A 
01-01 00:49:42.445   463   463 E ACDB-LOADER: Error: ACDB ANC returned = -19
01-01 00:49:42.445   463   463 D ACDB-LOADER: ACDB -> ACDB_CMD_GET_ANC_SETTING
01-01 00:49:42.445   463   463 D         : Failed to fetch the lookup information of the device 0000001B 
01-01 00:49:42.445   463   463 E ACDB-LOADER: Error: ACDB ANC returned = -19
01-01 00:49:42.445   463   463 D ACDB-LOADER: ACDB -> ACDB_CMD_GET_ANC_SETTING
01-01 00:49:42.445   463   463 D         : Failed to fetch the lookup information of the device 0000001B 
01-01 00:49:42.445   463   463 E ACDB-LOADER: Error: ACDB ANC returned = -19
01-01 00:49:42.445   463   463 D ACDB-LOADER: ACDB -> ACDB_CMD_GET_ANC_SETTING
01-01 00:49:42.445   463   463 D         : Failed to fetch the lookup information of the device 0000001C 
01-01 00:49:42.445   463   463 E ACDB-LOADER: Error: ACDB ANC returned = -19
01-01 00:49:42.445   463   463 D ACDB-LOADER: ACDB -> ACDB_CMD_GET_ANC_SETTING
01-01 00:49:42.445   463   463 D         : Failed to fetch the lookup information of the device 0000001C 
01-01 00:49:42.445   463   463 E ACDB-LOADER: Error: ACDB ANC returned = -19
01-01 00:49:42.445   463   463 D ACDB-LOADER: ACDB -> ACDB_CMD_GET_ANC_SETTING
01-01 00:49:42.445   463   463 D         : Failed to fetch the lookup information of the device 0000001D 
01-01 00:49:42.445   463   463 E ACDB-LOADER: Error: ACDB ANC returned = -19
01-01 00:49:42.445   463   463 D ACDB-LOADER: ACDB -> ACDB_CMD_GET_ANC_SETTING
01-01 00:49:42.445   463   463 D         : Failed to fetch the lookup information of the device 0000001D 
01-01 00:49:42.445   463   463 E ACDB-LOADER: Error: ACDB ANC returned = -19
01-01 00:49:42.445   463   463 D ACDB-LOADER: ACDB -> ACDB_CMD_GET_ANC_SETTING
01-01 00:49:42.445   463   463 D         : Failed to fetch the lookup information of the device 0000001E 
01-01 00:49:42.445   463   463 E ACDB-LOADER: Error: ACDB ANC returned = -19
01-01 00:49:42.445   463   463 D ACDB-LOADER: ACDB -> ACDB_CMD_GET_ANC_SETTING
01-01 00:49:42.445   463   463 D         : Failed to fetch the lookup information of the device 0000001E 
01-01 00:49:42.445   463   463 E ACDB-LOADER: Error: ACDB ANC returned = -19
01-01 00:49:42.445   463   463 D ACDB-LOADER: ACDB -> ACDB_CMD_GET_ANC_SETTING
01-01 00:49:42.445   463   463 D         : Failed to fetch the lookup information of the device 0000001F 
01-01 00:49:42.445   463   463 E ACDB-LOADER: Error: ACDB ANC returned = -19
01-01 00:49:42.445   463   463 D ACDB-LOADER: ACDB -> ACDB_CMD_GET_ANC_SETTING
01-01 00:49:42.445   463   463 D         : Failed to fetch the lookup information of the device 0000001F 
01-01 00:49:42.445   463   463 E ACDB-LOADER: Error: ACDB ANC returned = -19
01-01 00:49:42.445   463   463 D ACDB-LOADER: ACDB -> ACDB_CMD_GET_ANC_SETTING
01-01 00:49:42.445   463   463 D         : Failed to fetch the lookup information of the device 00000067 
01-01 00:49:42.445   463   463 E ACDB-LOADER: Error: ACDB ANC returned = -19
01-01 00:49:42.445   463   463 D ACDB-LOADER: ACDB -> ACDB_CMD_GET_ANC_SETTING
01-01 00:49:42.445   463   463 D         : Failed to fetch the lookup information of the device 00000067 
01-01 00:49:42.445   463   463 E ACDB-LOADER: Error: ACDB ANC returned = -19
01-01 00:49:42.445   463   463 D ACDB-LOADER: ACDB -> ACDB_CMD_GET_ANC_SETTING
01-01 00:49:42.445   463   463 D         : Failed to fetch the lookup information of the device 00000056 
01-01 00:49:42.445   463   463 E ACDB-LOADER: Error: ACDB ANC returned = -19
01-01 00:49:42.445   463   463 D ACDB-LOADER: ACDB -> ACDB_CMD_GET_ANC_SETTING
01-01 00:49:42.445   463   463 D         : Failed to fetch the lookup information of the device 00000056 
01-01 00:49:42.445   463   463 E ACDB-LOADER: Error: ACDB ANC returned = -19
01-01 00:49:42.445   463   463 D ACDB-LOADER: ACDB -> ACDB_CMD_GET_ANC_SETTING
01-01 00:49:42.445   463   463 D         : Failed to fetch the lookup information of the device 00000059 
01-01 00:49:42.445   463   463 E ACDB-LOADER: Error: ACDB ANC returned = -19
01-01 00:49:42.445   463   463 D ACDB-LOADER: ACDB -> ACDB_CMD_GET_ANC_SETTING
01-01 00:49:42.445   463   463 D         : Failed to fetch the lookup information of the device 00000059 
01-01 00:49:42.445   463   463 E ACDB-LOADER: Error: ACDB ANC returned = -19
01-01 00:49:42.450   463   463 E msm8916_platform: Failed to call ioctl  for anc_cal err=14 calib.size=16
01-01 00:49:42.450   463   463 D msm8916_platform: send_codec_cal cal sent for anc_cal calib.size=16
01-01 00:49:42.450   463   463 D ACDB-LOADER: send mbhc data
01-01 00:49:42.450   463   463 D ACDB-LOADER: ACDB -> MBHC ACDB_PID_GENERAL_CONFIG
01-01 00:49:42.450   463   463 D ACDB-LOADER: ACDB -> MBHC ACDB_PID_PLUG_REMOVAL_DETECTION
01-01 00:49:42.450   463   463 D ACDB-LOADER: ACDB -> MBHC ACDB_PID_PLUG_TYPE_DETECTION
01-01 00:49:42.450   463   463 D ACDB-LOADER: ACDB -> MBHC ACDB_PID_BUTTON_PRESS_DETECTION
01-01 00:49:42.450   463   463 D ACDB-LOADER: ACDB -> MBHC ACDB_PID_IMPEDANCE_DETECTION
01-01 00:49:42.450   463   463 D msm8916_platform: send_codec_cal cal sent for mbhc_cal calib.size=154
01-01 00:49:42.450   463   463 D ACDB-LOADER: send vbat data
01-01 00:49:42.450   463   463 D ACDB-LOADER: ACDB -> VBAT ACDB_PID_ADC_CAL
01-01 00:49:42.450   463   463 D         : Couldnt find the mid 000131D1 and pid 000131D2 
01-01 00:49:42.450   463   463 E ACDB-LOADER: Error reading VBAT ADC CAL returned = ffffffed
01-01 00:49:42.456   463   463 E msm8916_platform: Failed to call ioctl  for vbat_cal err=14 calib.size=0
01-01 00:49:42.456   463   463 D msm8916_platform: send_codec_cal cal sent for vbat_cal calib.size=0
01-01 00:49:42.456   463   463 E msm8916_platform:  sending HPX Active BE information 
01-01 00:49:42.457   463   463 D msm8916_platform: platform_set_audio_device_interface: Enter, device name:AUDIO_DEVICE_IN_BUILTIN_MIC, intf name:SLIMBUS_0, codec_type:external
01-01 00:49:42.457   463   463 E msm8916_platform: Invalid codec_type specified. Ignoring this interface entry.
01-01 00:49:42.457   463   463 D msm8916_platform: platform_set_audio_device_interface: Enter, device name:AUDIO_DEVICE_IN_BACK_MIC, intf name:SLIMBUS_0, codec_type:external
01-01 00:49:42.457   463   463 E msm8916_platform: Invalid codec_type specified. Ignoring this interface entry.
01-01 00:49:42.457   463   463 D msm8916_platform: platform_set_audio_device_interface: Enter, device name:AUDIO_DEVICE_IN_BUILTIN_MIC, intf name:TERT_MI2S, codec_type:internal
01-01 00:49:42.457   463   463 D msm8916_platform: platform_set_audio_device_interface: Matched device name:AUDIO_DEVICE_IN_BUILTIN_MIC, overwrite intf name with TERT_MI2S
01-01 00:49:42.457   463   463 D msm8916_platform: platform_set_audio_device_interface: Enter, device name:AUDIO_DEVICE_IN_BACK_MIC, intf name:TERT_MI2S, codec_type:internal
01-01 00:49:42.457   463   463 D msm8916_platform: platform_set_audio_device_interface: Matched device name:AUDIO_DEVICE_IN_BACK_MIC, overwrite intf name with TERT_MI2S
01-01 00:49:42.457   463   463 E msm8916_platform: find_index: Could not find index for name = USECASE_AUDIO_PLAYBACK_OFFLOAD2
01-01 00:49:42.457   463   463 E platform_info: process_pcm_id: usecase USECASE_AUDIO_PLAYBACK_OFFLOAD2 not found!
01-01 00:49:42.457   463   463 E msm8916_platform: find_index: Could not find index for name = USECASE_AUDIO_PLAYBACK_OFFLOAD3
01-01 00:49:42.457   463   463 E platform_info: process_pcm_id: usecase USECASE_AUDIO_PLAYBACK_OFFLOAD3 not found!
01-01 00:49:42.457   463   463 E msm8916_platform: find_index: Could not find index for name = USECASE_AUDIO_PLAYBACK_OFFLOAD4
01-01 00:49:42.457   463   463 E platform_info: process_pcm_id: usecase USECASE_AUDIO_PLAYBACK_OFFLOAD4 not found!
01-01 00:49:42.457   463   463 E msm8916_platform: find_index: Could not find index for name = USECASE_AUDIO_PLAYBACK_OFFLOAD5
01-01 00:49:42.457   463   463 E platform_info: process_pcm_id: usecase USECASE_AUDIO_PLAYBACK_OFFLOAD5 not found!
01-01 00:49:42.457   463   463 E msm8916_platform: find_index: Could not find index for name = USECASE_AUDIO_PLAYBACK_OFFLOAD6
01-01 00:49:42.457   463   463 E platform_info: process_pcm_id: usecase USECASE_AUDIO_PLAYBACK_OFFLOAD6 not found!
01-01 00:49:42.457   463   463 E msm8916_platform: find_index: Could not find index for name = USECASE_AUDIO_PLAYBACK_OFFLOAD7
01-01 00:49:42.457   463   463 E platform_info: process_pcm_id: usecase USECASE_AUDIO_PLAYBACK_OFFLOAD7 not found!
01-01 00:49:42.457   463   463 E msm8916_platform: find_index: Could not find index for name = USECASE_AUDIO_PLAYBACK_OFFLOAD8
01-01 00:49:42.457   463   463 E platform_info: process_pcm_id: usecase USECASE_AUDIO_PLAYBACK_OFFLOAD8 not found!
01-01 00:49:42.457   463   463 E msm8916_platform: find_index: Could not find index for name = USECASE_AUDIO_PLAYBACK_OFFLOAD9
01-01 00:49:42.457   463   463 E platform_info: process_pcm_id: usecase USECASE_AUDIO_PLAYBACK_OFFLOAD9 not found!
01-01 00:49:42.457   463   463 D msm8916_platform: platform_set_spkr_device_tz_names: Enter, spkr_1_tz_name :wsa881x.0f, spkr_2_tz_name:
01-01 00:49:42.457   463   463 D audio_hw_ssr: audio_extn_ssr_update_enabled: surround sound recording is not supported
01-01 00:49:42.457   463   463 D audio_hw_spkr_prot: audio_extn_spkr_prot_init: Initialize speaker protection module
01-01 00:49:42.457   463   463 D audio_hw_spkr_prot: audio_extn_spkr_prot_init: Speaker protection disabled
01-01 00:49:42.457   463   463 D msm8916_platform: native: native audio: disabled for sound card msm8976-skun-snd-card
01-01 00:49:42.459   463   463 I soundtrigger: audio_extn_sound_trigger_init: Enter
01-01 00:49:42.461   463   463 I soundtrigger: audio_extn_sound_trigger_init: DLOPEN successful for /system/vendor/lib/hw/sound_trigger.primary.msm8952.so
01-01 00:49:42.464   463   463 I AudioFlinger: loadHwModule() Loaded primary audio interface from QCOM Audio HAL (audio) handle 1
01-01 00:49:42.464   463   463 I AudioFlinger: openOutput(), module 1 Device 2, SamplingRate 48000, Format 0x000001, Channels 3, flags 6
01-01 00:49:42.464   463   463 D audio_hw_primary: adev_open_output_stream: enter: sample_rate(48000) channel_mask(0x3) devices(0x2) flags(0x6)        stream_handle(0xab47d600)
01-01 00:49:42.464   463   463 D audio_hw_primary: adev_open_output_stream: Stream (0xab47d600) picks up usecase (low-latency-playback)
01-01 00:49:42.464   463   463 I AudioFlinger: AudioStreamOut::open(), mHalFormatIsLinearPcm = 1
01-01 00:49:42.464   463   463 I AudioFlinger: HAL output buffer size 192 frames, normal sink buffer size 1152 frames
01-01 00:49:42.480   463   463 W EffectsFactory: Error querying effect 7d1580bd-297f-4683-9239-e475b6d1d69f on lib offload_bundle
01-01 00:49:42.480   463   463 I BufferProvider: found effect "Multichannel Downmix To Stereo" from The Android Open Source Project
01-01 00:49:42.481   463   463 E MonoPipe: Failed to fetch local time frequency when constructing a MonoPipe (res = -32).  getNextWriteTimestamp calls will be non-functional
01-01 00:49:42.481   463   463 I AudioFlinger: Using module 1 has the primary audio interface
01-01 00:49:42.481   463  1494 I AudioFlinger: AudioFlinger's thread 0xab48f240 ready to run
01-01 00:49:42.481   463  1494 D audio_hw_primary: out_standby: enter: stream (0xab47d600) usecase(1: low-latency-playback)
01-01 00:49:42.481   463  1494 D audio_hw_primary: out_set_parameters: enter: usecase(1: low-latency-playback) kvpairs: routing=2
01-01 00:49:42.481   463  1494 D audio_hw_extn: audio_extn_set_anc_parameters: anc_enabled:0
01-01 00:49:42.481   463  1494 E AudioFlinger: no wake lock to update!
01-01 00:49:42.482   463   463 I AudioFlinger: openOutput(), module 1 Device 2, SamplingRate 48000, Format 0x000001, Channels 3, flags 104
01-01 00:49:42.482   463   463 D audio_hw_primary: adev_open_output_stream: enter: sample_rate(48000) channel_mask(0x3) devices(0x2) flags(0x104)        stream_handle(0xab431e10)
01-01 00:49:42.482   463   463 D audio_hw_primary: adev_open_output_stream: Stream (0xab431e10) picks up usecase (audio-ull-playback)
01-01 00:49:42.482   463   463 I AudioFlinger: AudioStreamOut::open(), mHalFormatIsLinearPcm = 1
01-01 00:49:42.482   463   463 I AudioFlinger: HAL output buffer size 192 frames, normal sink buffer size 1152 frames
01-01 00:49:42.482   463  1496 I AudioFlinger: AudioFlinger's thread 0xab511628 ready to run
01-01 00:49:42.482   463  1496 D audio_hw_primary: out_set_parameters: enter: usecase(4: audio-ull-playback) kvpairs: routing=2
01-01 00:49:42.482   463  1496 D audio_hw_primary: out_standby: enter: stream (0xab431e10) usecase(4: audio-ull-playback)
01-01 00:49:42.482   463  1496 E AudioFlinger: no wake lock to update!
01-01 00:49:42.483   463   463 I AudioFlinger: openOutput(), module 1 Device 2, SamplingRate 48000, Format 0x000001, Channels 3, flags 8
01-01 00:49:42.483   463   463 D audio_hw_primary: adev_open_output_stream: enter: sample_rate(48000) channel_mask(0x3) devices(0x2) flags(0x8)        stream_handle(0xab41a3b8)
01-01 00:49:42.483   463   463 D audio_hw_primary: adev_open_output_stream: Stream (0xab41a3b8) picks up usecase (deep-buffer-playback)
01-01 00:49:42.483   463   463 I AudioFlinger: AudioStreamOut::open(), mHalFormatIsLinearPcm = 1
01-01 00:49:42.483   463   463 I AudioFlinger: HAL output buffer size 1920 frames, normal sink buffer size 1920 frames
01-01 00:49:42.483   463  1497 I AudioFlinger: AudioFlinger's thread 0xf1ffa008 ready to run
01-01 00:49:42.483   463  1497 D audio_hw_primary: out_set_parameters: enter: usecase(0: deep-buffer-playback) kvpairs: routing=2
01-01 00:49:42.483   463  1497 D audio_hw_primary: out_standby: enter: stream (0xab41a3b8) usecase(0: deep-buffer-playback)
01-01 00:49:42.483   463  1497 E AudioFlinger: no wake lock to update!
01-01 00:49:42.484   463   463 I AudioFlinger: openOutput(), module 1 Device 10000, SamplingRate 48000, Format 0x000001, Channels 3, flags 0
01-01 00:49:42.484   463   463 D audio_hw_primary: adev_open_output_stream: enter: sample_rate(48000) channel_mask(0x3) devices(0x10000) flags(0)        stream_handle(0xab5aac98)
01-01 00:49:42.484   463   463 D audio_hw_primary: adev_open_output_stream: Stream (0xab5aac98) picks up usecase (afe-proxy-playback)
01-01 00:49:42.484   463   463 I AudioFlinger: AudioStreamOut::open(), mHalFormatIsLinearPcm = 1
01-01 00:49:42.484   463   463 I AudioFlinger: HAL output buffer size 768 frames, normal sink buffer size 1152 frames
01-01 00:49:42.484   463  1499 I AudioFlinger: AudioFlinger's thread 0xf1eb6008 ready to run
01-01 00:49:42.484   463  1499 D audio_hw_primary: out_standby: enter: stream (0xab5aac98) usecase(31: afe-proxy-playback)
01-01 00:49:42.484   463  1499 D audio_hw_primary: out_set_parameters: enter: usecase(31: afe-proxy-playback) kvpairs: routing=65536
01-01 00:49:42.484   463  1499 E AudioFlinger: no wake lock to update!
01-01 00:49:42.485   463   463 D audio_hw_primary: adev_open_input_stream: enter: sample_rate(48000) channel_mask(0xfc) devices(0x80000080)        stream_handle(0xab41dce0) io_handle(10) source(1)
01-01 00:49:42.485   463   463 W audio_hw_primary: adev_open_input_stream: surround sound recording is not supported
01-01 00:49:42.485   463   463 E audio_hw_extn: audio_extn_perf_lock_init: Perf lock handles Success 
01-01 00:49:42.485   463   463 E AudioFlinger: not enough memory for pipe buffer size=24576
01-01 00:49:42.485   463  1500 I AudioFlinger: AudioFlinger's thread 0xf1c1e008 ready to run
01-01 00:49:42.485   463   463 D audio_hw_primary: adev_close_input_stream: enter:stream_handle(0xab41dce0)
01-01 00:49:42.485   463   463 D audio_hw_primary: in_standby: enter: stream (0xab41dce0) usecase(9: audio-record)
01-01 00:49:42.485   463   463 D audio_hw_primary: adev_open_input_stream: enter: sample_rate(48000) channel_mask(0xc) devices(0x80000040)        stream_handle(0xab41dce0) io_handle(11) source(1)
01-01 00:49:42.485   463   463 D audio_hw_primary: adev_open_input_stream: enter: sample_rate(48000) channel_mask(0xc) devices(0x80000040)        stream_handle(0xab41dce0) io_handle(11) source(1)
01-01 00:49:42.485   463   463 W APM::AudioPolicyManager: Cannot open input stream for device 80000040 on hw module primary
01-01 00:49:42.487   463   463 I bt_a2dp_hw: adev_open:  adev_open in A2dp_hw module
01-01 00:49:42.487   463   463 I AudioFlinger: loadHwModule() Loaded a2dp audio interface from A2DP Audio HW HAL (audio) handle 12
01-01 00:49:42.489   463   463 I AudioFlinger: loadHwModule() Loaded usb audio interface from USB audio HW HAL (audio) handle 13
01-01 00:49:42.490   463   463 I r_submix: adev_open(name=audio_hw_if)
01-01 00:49:42.490   463   463 I r_submix: adev_init_check()
01-01 00:49:42.490   463   463 I AudioFlinger: loadHwModule() Loaded r_submix audio interface from Wifi Display audio HAL (audio) handle 14
01-01 00:49:42.490   463   463 D r_submix: adev_open_input_stream(addr=0)
01-01 00:49:42.490   463   463 D r_submix: submix_audio_device_create_pipe_l(addr=0, idx=9)
01-01 00:49:42.490   463   463 D r_submix:   now using address 0 for route 9
01-01 00:49:42.491   463  1501 I AudioFlinger: AudioFlinger's thread 0xf1be9008 ready to run
01-01 00:49:42.491   463   463 D r_submix: adev_close_input_stream()
01-01 00:49:42.491   463   463 D r_submix: submix_audio_device_release_pipe_l(idx=9) addr=0
01-01 00:49:42.491   463   463 D r_submix: submix_audio_device_destroy_pipe_l(): pipe destroyed
01-01 00:49:42.491   463   463 E AudioPolicyManagerCustom: 		 removing AUDIO_CHANNEL_IN_5POINT1 from input profile as SSR(surround sound record) is not supported on this chipset variant
01-01 00:49:42.491   463   463 D AudioPolicyManagerCustom: voice_conc:picked up flag(0x8) from prop voice.conc.fallbackpath
01-01 00:49:42.492   463   463 D sound_trigger_hw: stdev_open: Enter
01-01 00:49:42.492   463   463 I sound_trigger_platform: platform_stdev_init: Enter
01-01 00:49:43.679   463   463 D sound_trigger_platform: platform_stdev_set_config:rx_concurrency_disabled = 1
01-01 00:49:43.679   463   463 D sound_trigger_platform: platform_stdev_set_config:rx_conc_max_st_ses = 1
01-01 00:49:43.680   463   463 I sound_trigger_platform: platform_stdev_init: acdb_init: msm8976-skun-snd-card
01-01 00:49:43.680   463   463 D ACDB-LOADER: ACDB -> already initialized, exit
01-01 00:49:43.680   463   463 D sound_trigger_platform: platform_stdev_init Opening device /dev/snd/hwC0D1000
01-01 00:49:43.680   463   463 I sound_trigger_hw: stdev_get_properties
01-01 00:49:43.680   463   463 I SoundTriggerHwService: loaded default module Sound Trigger HAL, handle 1
01-01 00:49:43.680   463   463 I RadioService: RadioService
01-01 00:49:43.680   463   463 I RadioService: onFirstRef
01-01 00:49:43.680   463   463 E RadioService: couldn't load radio module radio.primary (No such file or directory)
01-01 00:49:43.681   463   463 D PermissionCache: checking android.permission.MODIFY_AUDIO_SETTINGS for uid=1000 => granted (555 us)
01-01 00:49:43.681   463  1503 D PermissionCache: checking android.permission.MODIFY_AUDIO_SETTINGS for uid=1000 => granted (568 us)
01-01 00:49:43.682   463  1504 D audio_hw_primary: adev_set_mic_mute state 0
01-01 00:49:43.698   463  1494 D audio_hw_primary: out_set_parameters: enter: usecase(1: low-latency-playback) kvpairs: fm_volume=0.1243652478
01-01 00:49:43.698   463  1494 D audio_hw_extn: audio_extn_set_anc_parameters: anc_enabled:0
01-01 00:49:43.698   463  1494 D audio_hw_fm: audio_extn_fm_set_parameters: set_fm_volume usecase
01-01 00:49:43.698   463  1494 D audio_hw_fm: fm_set_volume: (0.124365)
01-01 00:49:43.710   463  1494 D audio_hw_primary: out_set_parameters: enter: usecase(1: low-latency-playback) kvpairs: fm_volume=0.1243652478
01-01 00:49:43.710   463  1494 D audio_hw_extn: audio_extn_set_anc_parameters: anc_enabled:0
01-01 00:49:43.710   463  1494 D audio_hw_fm: audio_extn_fm_set_parameters: set_fm_volume usecase
01-01 00:49:43.710   463  1494 D audio_hw_fm: fm_set_volume: (0.124365)
01-01 00:49:43.717  1094  1094 I SystemServiceManager: Starting com.android.server.DockObserver
01-01 00:49:43.717  1094  1094 W DockObserver: This kernel does not have dock station support
01-01 00:49:43.718  1094  1094 I SystemServer: Wired Accessory Manager
01-01 00:49:43.719  1094  1094 W WiredAccessoryManager: This kernel does not have usb audio support
01-01 00:49:43.720  1094  1094 W WiredAccessoryManager: This kernel does not have HDMI audio support
01-01 00:49:43.720  1094  1094 I SystemServiceManager: Starting com.android.server.midi.MidiService$Lifecycle
01-01 00:49:43.722  1094  1094 I SystemServiceManager: Starting com.android.server.usb.UsbService$Lifecycle
01-01 00:49:43.731  1094  1094 I SystemServer: Serial Service
01-01 00:49:43.731  1094  1094 I SystemServiceManager: Starting com.android.server.twilight.TwilightService
01-01 00:49:43.733  1094  1094 I SystemServiceManager: Starting com.android.server.job.JobSchedulerService
01-01 00:49:43.737  1094  1094 I SystemServiceManager: Starting com.android.server.backup.BackupManagerService$Lifecycle
01-01 00:49:43.738  1094  1094 I SystemServiceManager: Starting com.android.server.appwidget.AppWidgetService
01-01 00:49:43.741  1094  1094 I SystemServiceManager: Starting com.android.server.voiceinteraction.VoiceInteractionManagerService
01-01 00:49:43.742   463  1505 D PermissionCache: checking android.permission.CAPTURE_AUDIO_HOTWORD for uid=1000 => granted (112 us)
01-01 00:49:43.744  1094  1094 I SystemServer: DiskStats Service
01-01 00:49:43.744  1094  1094 I SystemServer: SamplingProfiler Service
01-01 00:49:43.749  1094  1094 I SystemServer: NetworkTimeUpdateService
01-01 00:49:43.749  1094  1094 I SystemServer: CommonTimeManagementService
01-01 00:49:43.750  1094  1094 I SystemServer: CertBlacklister
01-01 00:49:43.751  1094  1094 I SystemServiceManager: Starting com.android.server.dreams.DreamManagerService
01-01 00:49:43.753  1094  1094 I SystemServer: Assets Atlas Service
01-01 00:49:43.754  1094  1094 I SystemServiceManager: Starting com.android.server.print.PrintManagerService
01-01 00:49:43.756  1094  1507 D AssetAtlas: Loaded configuration: SliceMinArea (960x2048) flags=0x2 count=6
01-01 00:49:43.760  1094  1094 I SystemServiceManager: Starting com.android.server.restrictions.RestrictionsManagerService
01-01 00:49:43.762  1094  1094 I SystemServiceManager: Starting com.android.server.media.MediaSessionService
01-01 00:49:43.762  1094  1507 I Adreno  : QUALCOMM build                   : a72af7e, Ic6a8b301c1
01-01 00:49:43.762  1094  1507 I Adreno  : Build Date                       : 03/20/16
01-01 00:49:43.762  1094  1507 I Adreno  : OpenGL ES Shader Compiler Version: XE031.06.00.02
01-01 00:49:43.762  1094  1507 I Adreno  : Local Branch                     : 
01-01 00:49:43.762  1094  1507 I Adreno  : Remote Branch                    : 
01-01 00:49:43.762  1094  1507 I Adreno  : Remote Branch                    : 
01-01 00:49:43.762  1094  1507 I Adreno  : Reconstruct Branch               : 
01-01 00:49:43.769  1094  1094 I SystemServer: Media Router Service
01-01 00:49:43.771  1094  1094 I SystemServiceManager: Starting com.android.server.trust.TrustManagerService
01-01 00:49:43.772  1094  1094 I SystemServiceManager: Starting com.android.server.fingerprint.FingerprintService
01-01 00:49:43.775  1094  1094 W FingerprintService: fingerprint service not available
01-01 00:49:43.775  1094  1094 V FingerprintService: Fingerprint HAL id: 0
01-01 00:49:43.775  1094  1094 I SystemServer: BackgroundDexOptService
01-01 00:49:43.777  1094  1094 I SystemServiceManager: Starting com.android.server.pm.LauncherAppsService
01-01 00:49:43.778  1094  1094 I SystemServiceManager: Starting com.android.server.media.projection.MediaProjectionManagerService
01-01 00:49:43.788  1094  1507 D AssetAtlas: Rendered atlas in 27.14ms (0.69+26.45ms)
01-01 00:49:43.789  1094  1094 I WindowManager: SAFE MODE not enabled
01-01 00:49:43.790  1094  1094 I SystemServiceManager: Starting com.android.server.MmsServiceBroker
01-01 00:49:43.808  1094  1094 E LockSettingsService: Unable to acquire GateKeeperService
01-01 00:49:43.809  1094  1094 E LockSettingsStorage: Cannot read file java.io.FileNotFoundException: /data/system/gatekeeper.password.key: open failed: ENOENT (No such file or directory)
01-01 00:49:43.809  1094  1094 E LockSettingsStorage: Cannot read file java.io.FileNotFoundException: /data/system/password.key: open failed: ENOENT (No such file or directory)
01-01 00:49:43.809  1094  1094 E LockSettingsStorage: Cannot read file java.io.FileNotFoundException: /data/system/gatekeeper.pattern.key: open failed: ENOENT (No such file or directory)
01-01 00:49:43.809  1094  1094 E LockSettingsStorage: Cannot read file java.io.FileNotFoundException: /data/system/gatekeeper.gesture.key: open failed: ENOENT (No such file or directory)
01-01 00:49:43.809  1094  1094 E LockSettingsStorage: Cannot read file java.io.FileNotFoundException: /data/system/gesture.key: open failed: ENOENT (No such file or directory)
01-01 00:49:43.809  1094  1094 I SystemServiceManager: Starting phase 480
01-01 00:49:43.813  1094  1094 I SystemServiceManager: Starting phase 500
01-01 00:49:43.814  1094  1094 D BluetoothService: onBootPhase: PHASE_SYSTEM_SERVICES_READY
01-01 00:49:43.814  1094  1094 D BluetoothManagerService: Bluetooth boot completed
01-01 00:49:43.814  1094  1094 D BluetoothManagerService: Retrieving Bluetooth Adapter name and address...
01-01 00:49:43.814  1094  1094 D BluetoothManagerService: getNameAndAddress(): mBluetooth = null mBinding = false
01-01 00:49:43.815  1094  1112 D BluetoothManagerService: Message: 200
01-01 00:49:43.815  1094  1112 D BluetoothManagerService: MESSAGE_GET_NAME_AND_ADDRESS
01-01 00:49:43.815  1094  1112 D BluetoothManagerService: Binding to service to get name and address
01-01 00:49:43.815  1094  1112 E BluetoothManagerService: Fail to bind to: Intent { act=android.bluetooth.IBluetooth }
01-01 00:49:43.816  1094  1094 I WifiService: WifiService starting up with Wi-Fi disabled
01-01 00:49:43.819  1094  1482 D WifiService: New client listening to asynchronous messages
01-01 00:49:43.819  1094  1094 I WifiScanningService: Registering wifiscanner
01-01 00:49:43.821  1094  1094 I RttService: Registering rttmanager
01-01 00:49:43.822  1094  1094 I EthernetServiceImpl: Starting Ethernet service
01-01 00:49:43.823  1094  1094 D Ethernet: Registering NetworkFactory
01-01 00:49:43.823  1094  1483 D ConnectivityService: Got NetworkFactory Messenger for Ethernet
01-01 00:49:43.823  1094  1514 D Ethernet: got request NetworkRequest [ id=1, legacyType=-1, [ Capabilities: INTERNET&NOT_RESTRICTED&TRUSTED&NOT_VPN] ] with score 0
01-01 00:49:43.835  1094  1094 I SELinux : SELinux: Loaded file_contexts contexts from /file_contexts.
01-01 00:49:43.836  1094  1094 V BackupManagerService: No ancestral data
01-01 00:49:43.851  1094  1094 V KeyValueBackupJob: Scheduling k/v pass in 249 minutes
01-01 00:49:43.857  1094  1094 V BackupManagerService: Starting with transport android/com.android.internal.backup.LocalTransport
01-01 00:49:43.857  1094  1094 V BackupManagerService: Found transports: 1
01-01 00:49:43.859  1094  1094 I BackupManagerService: Found stale backup journal, scheduling
01-01 00:49:43.877  1094  1094 I ActivityManager: System now ready
01-01 00:49:43.880  1094  1094 I SystemServer: Making services ready
01-01 00:49:43.880  1094  1094 I SystemServiceManager: Starting phase 550
01-01 00:49:43.881  1094  1115 W KeyguardServiceDelegate: onScreenTurningOn(): no keyguard service!
01-01 00:49:43.882  1094  1474 D MountService: Thinking about reset, mSystemReady=true, mDaemonConnected=true
01-01 00:49:43.882  1094  1474 D VoldConnector: SND -> {3 volume reset}
01-01 00:49:43.882  1094  1094 D UsbAlsaManager: Adding ALSA device AlsaDevice: [card: 0, device: 0, type: 2]
01-01 00:49:43.882  1094  1094 D UsbAlsaManager: Adding ALSA device AlsaDevice: [card: 0, device: 0, type: 1]
01-01 00:49:43.882  1094  1094 D UsbAlsaManager: Adding ALSA device AlsaDevice: [card: 0, device: 1, type: 2]
01-01 00:49:43.883  1094  1475 D VoldConnector: RCV <- {651 emulated 7}
01-01 00:49:43.883  1094  1094 D UsbAlsaManager: Adding ALSA device AlsaDevice: [card: 0, device: 1, type: 1]
01-01 00:49:43.883  1094  1094 D UsbAlsaManager: Adding ALSA device AlsaDevice: [card: 0, device: 2, type: 2]
01-01 00:49:43.883  1094  1094 D UsbAlsaManager: Adding ALSA device AlsaDevice: [card: 0, device: 2, type: 1]
01-01 00:49:43.883  1094  1094 D UsbAlsaManager: Adding ALSA device AlsaDevice: [card: 0, device: 3, type: 2]
01-01 00:49:43.883  1094  1094 D UsbAlsaManager: Adding ALSA device AlsaDevice: [card: 0, device: 3, type: 1]
01-01 00:49:43.883  1094  1094 D UsbAlsaManager: Adding ALSA device AlsaDevice: [card: 0, device: 4, type: 1]
01-01 00:49:43.883  1094  1094 D UsbAlsaManager: Adding ALSA device AlsaDevice: [card: 0, device: 5, type: 1]
01-01 00:49:43.883  1094  1094 D UsbAlsaManager: Adding ALSA device AlsaDevice: [card: 0, device: 6, type: 2]
01-01 00:49:43.883  1094  1094 D UsbAlsaManager: Adding ALSA device AlsaDevice: [card: 0, device: 6, type: 1]
01-01 00:49:43.883  1094  1475 D VoldConnector: RCV <- {659 emulated}
01-01 00:49:43.883  1094  1094 D UsbAlsaManager: Adding ALSA device AlsaDevice: [card: 0, device: 7, type: 1]
01-01 00:49:43.883  1094  1094 D UsbAlsaManager: Adding ALSA device AlsaDevice: [card: 0, device: 8, type: 2]
01-01 00:49:43.883  1094  1094 D UsbAlsaManager: Adding ALSA device AlsaDevice: [card: 0, device: 10, type: 2]
01-01 00:49:43.883  1094  1094 D UsbAlsaManager: Adding ALSA device AlsaDevice: [card: 0, device: 10, type: 1]
01-01 00:49:43.883  1094  1094 D UsbAlsaManager: Adding ALSA device AlsaDevice: [card: 0, device: 11, type: 2]
01-01 00:49:43.883  1094  1475 D VoldConnector: RCV <- {650 emulated 2 "" ""}
01-01 00:49:43.883  1094  1094 D UsbAlsaManager: Adding ALSA device AlsaDevice: [card: 0, device: 12, type: 2]
01-01 00:49:43.883  1094  1094 D UsbAlsaManager: Adding ALSA device AlsaDevice: [card: 0, device: 12, type: 1]
01-01 00:49:43.883  1094  1094 D UsbAlsaManager: Adding ALSA device AlsaDevice: [card: 0, device: 13, type: 2]
01-01 00:49:43.883  1094  1094 D UsbAlsaManager: Adding ALSA device AlsaDevice: [card: 0, device: 13, type: 1]
01-01 00:49:43.883  1094  1475 D VoldConnector: RCV <- {651 emulated 0}
01-01 00:49:43.883  1094  1094 D UsbAlsaManager: Adding ALSA device AlsaDevice: [card: 0, device: 14, type: 2]
