01-01 00:49:39.878  1120  1120 I Atfwd_Daemon: *** Starting ATFWD-daemon *** 
01-01 00:49:39.878  1120  1120 I Atfwd_Daemon: QCCI not supported for target msm8952, use legacy QCCI
01-01 00:49:39.878  1120  1120 I Atfwd_Daemon: APQ baseband : Explicitly stopping ATFWD service....
01-01 00:49:39.878  1120  1120 I Atfwd_Daemon: Stop the daemon....
01-01 00:49:39.883  1121  1121 I libmdmdetect: ESOC framework not supported
01-01 00:49:39.883  1121  1121 E PerMgrSrv: Zero peripherals found
01-01 00:49:39.913   495   495 E mm-camera-sensor: sensor_probe:356failed
01-01 00:49:39.914   495   495 E mm-camera-sensor: sensor_probe:306failed: to load ov5648
01-01 00:49:40.083  1094  1094 W PackageParser: Ignoring duplicate uses-permissions/uses-permissions-sdk-m: android.permission.USE_CREDENTIALS in package: com.android.settings at: Binary XML file line #55
01-01 00:49:40.083  1094  1094 W PackageParser: Ignoring duplicate uses-permissions/uses-permissions-sdk-m: android.permission.READ_SYNC_SETTINGS in package: com.android.settings at: Binary XML file line #60
01-01 00:49:40.083  1094  1094 W PackageParser: Ignoring duplicate uses-permissions/uses-permissions-sdk-m: android.permission.WRITE_SYNC_SETTINGS in package: com.android.settings at: Binary XML file line #61
01-01 00:49:40.176   495   495 E mm-camera-sensor: sensor_probe:356failed
01-01 00:49:40.176   495   495 E mm-camera: module_sensor_find_other_subdev:6088subdev_name /dev/v4l-subdev0 subdev id 0
01-01 00:49:40.176   495   495 E mm-camera: module_sensor_find_other_subdev:6088subdev_name /dev/v4l-subdev1 subdev id 1
01-01 00:49:40.176   495   495 E mm-camera: module_sensor_find_other_subdev:6088subdev_name /dev/v4l-subdev2 subdev id 0
01-01 00:49:40.176   463   463 I mm-camera-intf: sort_camera_info[1595]: dualCamera:0 auxCamera 0
01-01 00:49:40.176   495   495 E mm-camera: module_sensor_find_other_subdev:6088subdev_name /dev/v4l-subdev3 subdev id 1
01-01 00:49:40.176   495   495 E mm-camera: module_sensor_find_other_subdev:6088subdev_name /dev/v4l-subdev4 subdev id 2
01-01 00:49:40.176   463   463 I mm-camera-intf: sort_camera_info: Number of cameras 0 sorted 0
01-01 00:49:40.176   495   495 E mm-camera: module_sensor_find_other_subdev:6088subdev_name /dev/v4l-subdev5 subdev id 0
01-01 00:49:40.176   463   463 I mm-camera-intf: get_num_of_cameras: num_cameras=0
01-01 00:49:40.176   495   495 E mm-camera: module_sensor_find_other_subdev:6088subdev_name /dev/v4l-subdev6 subdev id 1
01-01 00:49:40.176   495   495 E mm-camera: module_sensor_find_other_subdev:6088subdev_name /dev/v4l-subdev7 subdev id 0
01-01 00:49:40.177   495   495 E mm-camera: module_sensor_find_other_subdev:6114SUB_MODULE_LED_FLASH subdev_name /dev/v4l-subdev7 subdev_id 0
01-01 00:49:40.177   495   495 I mm-camera: server_process_module_init:95, int mods
01-01 00:49:40.177   495   495 E mm-camera: iface_util_setloglevel:11084 IFACE_Loglevel 1
01-01 00:49:40.177   463   463 D QCamera2Factory: qcamera::QCamera2Factory::QCamera2Factory()[80]: dualCamera:0 
01-01 00:49:40.177   463   463 I QCamera2Factory: qcamera::QCamera2Factory::QCamera2Factory(): 0 camera devices detected!
01-01 00:49:40.177   463   463 D QCamera2Factory: static int qcamera::QCamera2Factory::get_number_of_cameras(): num of cameras: 0
01-01 00:49:40.177   463   463 I CameraService: Loaded "QCamera Module" camera module
01-01 00:49:40.177   463   463 D QCamera2Factory: static int qcamera::QCamera2Factory::get_number_of_cameras(): num of cameras: 0
01-01 00:49:40.178   463   463 D QCamera2Factory: static int qcamera::QCamera2Factory::get_number_of_cameras(): num of cameras: 0
01-01 00:49:40.178   463   463 I ServiceManager: Waiting for service media.camera.proxy...
01-01 00:49:40.202   495   495 E mm-camera-isp2: module_chroma_enhan40_init:98 name chroma_enhan40
01-01 00:49:40.208   495   495 E mm-camera-isp2: module_color_correct40_init:103 name color_correct40
01-01 00:49:40.210   495   495 E mm-camera-isp2: module_luma_adaptation40_init:95 name luma_adaptation40
01-01 00:49:40.229   495   495 E mm-camera-isp2: module_chroma_enhan40_init:98 name chroma_enhan40
01-01 00:49:40.230   495   495 E mm-camera-isp2: module_color_correct40_init:103 name color_correct40
01-01 00:49:40.230   495   495 E mm-camera-isp2: module_luma_adaptation40_init:95 name luma_adaptation40
01-01 00:49:40.231   495   495 E mm-camera-isp2: isp_resource_gen_hws_caps:3693 i 0 isp id 0
01-01 00:49:40.231   495   495 E mm-camera-isp2: isp_resource_gen_hws_caps:3693 i 1 isp id 1
01-01 00:49:40.231   495   495 E mm-camera-isp2: module_isp_init:777 module 0xaacbad60
01-01 00:49:40.246   495   495 E mm-camera: vpe_module_init:27 name=vpe
01-01 00:49:40.246   495   495 E mm-camera: vpe_hardware_find_subdev:719: entity.name=video0 entity.revision=0
01-01 00:49:40.246   495   495 E mm-camera: vpe_hardware_find_subdev:719: entity.name=msm_cci entity.revision=0
01-01 00:49:40.246   495   495 E mm-camera: vpe_hardware_find_subdev:719: entity.name=v4l-subdev0 entity.revision=0
01-01 00:49:40.246   495   495 E mm-camera: vpe_hardware_find_subdev:719: entity.name=v4l-subdev1 entity.revision=0
01-01 00:49:40.246   495   495 E mm-camera: vpe_hardware_find_subdev:719: entity.name=v4l-subdev2 entity.revision=0
01-01 00:49:40.246   495   495 E mm-camera: vpe_hardware_find_subdev:719: entity.name=v4l-subdev3 entity.revision=0
01-01 00:49:40.246   495   495 E mm-camera: vpe_hardware_find_subdev:719: entity.name=v4l-subdev4 entity.revision=0
01-01 00:49:40.246   495   495 E mm-camera: vpe_hardware_find_subdev:719: entity.name=v4l-subdev5 entity.revision=0
01-01 00:49:40.246   495   495 E mm-camera: vpe_hardware_find_subdev:719: entity.name=v4l-subdev6 entity.revision=0
01-01 00:49:40.246   495   495 E mm-camera: vpe_hardware_find_subdev:719: entity.name=v4l-subdev7 entity.revision=0
01-01 00:49:40.246  1094  1094 W PackageParser: Ignoring duplicate uses-permissions/uses-permissions-sdk-m: android.permission.INSTALL_GRANT_RUNTIME_PERMISSIONS in package: com.android.shell at: Binary XML file line #101
01-01 00:49:40.246   495   495 E mm-camera: vpe_hardware_find_subdev:719: entity.name=v4l-subdev8 entity.revision=0
01-01 00:49:40.246   495   495 E mm-camera: vpe_hardware_find_subdev:719: entity.name=v4l-subdev9 entity.revision=9
01-01 00:49:40.246   495   495 E mm-camera: vpe_hardware_find_subdev:719: entity.name=v4l-subdev10 entity.revision=0
01-01 00:49:40.246   495   495 E mm-camera: vpe_hardware_find_subdev:719: entity.name=v4l-subdev11 entity.revision=0
01-01 00:49:40.246   495   495 E mm-camera: vpe_hardware_find_subdev:719: entity.name=v4l-subdev12 entity.revision=0
01-01 00:49:40.246   495   495 E mm-camera: vpe_hardware_find_subdev:719: entity.name=v4l-subdev13 entity.revision=0
01-01 00:49:40.246   495   495 E mm-camera: vpe_hardware_find_subdev:714: done enumerating media entities
01-01 00:49:40.246   495   495 E mm-camera: vpe_hardware_find_subdev:686: no more media devices
01-01 00:49:40.246   495   495 E mm-camera: vpe_hardware_find_subdev:731: no vpe device found.
01-01 00:49:40.246   495   495 E mm-camera: vpe_hardware_create:31: error: cannot find vpe subdev
01-01 00:49:40.246   495   495 E mm-camera: vpe_module_create_vpe_ctrl:147, failed, cannnot create vpe hardware instance
01-01 00:49:40.247   495   495 E mm-camera: vpe_module_init:35 failed
01-01 00:49:40.247   495   495 E mm-camera-vpu: vpu_module_init:54, INFO name=vpu
01-01 00:49:40.247   495   495 E mm-camera-pp: [INFO] base_module_init:142, name=tmod
01-01 00:49:40.248   495   495 E mm-camera-pp: [INFO] base_module_init:142, name=ezt
01-01 00:49:40.250   495   495 E mm-camera-img: frameproc_comp_load:846] Error opening frameproc library libmmcamera_llvd.so error dlopen failed: library "libmmcamera_llvd.so" not found
01-01 00:49:40.250   495   495 E mm-camera: module_imgbase_init_llvd:2626] Error rc -6
01-01 00:49:40.252   495   495 E mm-camera-img: frameproc_comp_load:846] Error opening frameproc library libmmcamera_sw_tnr.so error dlopen failed: library "libmmcamera_sw_tnr.so" not found
01-01 00:49:40.252   495   495 E mm-camera: module_imgbase_init_sw_tnr:2626] Error rc -6
01-01 00:49:40.253   495   495 E mm-camera: pproc_module_init:2954 num_sub_mods:5
01-01 00:49:40.253   495   495 E mm-camera: module_faceproc_init:2220] use_fd_arm 0
01-01 00:49:40.254   495   495 E mm-camera-img: Can not discover face-detect device
01-01 00:49:40.254   495   495 E mm-camera-img: Can not find device name
01-01 00:49:40.254   495   495 E mm-camera-img: faceproc_dsp_comp_load:1122] E 
01-01 00:49:40.254   495   495 E mm-camera-img: face detection dsp disabled , enable by set property
01-01 00:49:40.254   495   495 E mm-camera: module_faceproc_init:2288] HW or DSP FD not available switch to SW
01-01 00:49:40.257   495   495 E mm-camera-img: faceproc_save_album:1087] Error No album 
01-01 00:49:40.257   495   495 E mm-camera-img: faceproc_comp_eng_destroy: Album save failed -1
01-01 00:49:40.257   495   495 E mm-camera: module_dcrf_init:895] E imglib_dcrf
01-01 00:49:40.258   495   495 E mm-camera-img: dual_frameproc_comp_load:1598] Error opening dual_frameproc library libmmcamera_dcrf_lib.so error dlopen failed: library "libmmcamera_dcrf_lib.so" not found
01-01 00:49:40.258   495   495 E mm-camera: module_imgbase_init_imglib_dcrf:2626] Error rc -6
01-01 00:49:40.259   495   495 E mm-camera-img: module_imglib_create_topology:742] Can not init the module imglib_dcrf
01-01 00:49:40.259   495   495 E mm-camera: module_dcrf_init:895] E imglib_dcrf
01-01 00:49:40.261   495   495 E mm-camera-img: dual_frameproc_comp_load:1598] Error opening dual_frameproc library libmmcamera_dcrf_lib.so error dlopen failed: library "libmmcamera_dcrf_lib.so" not found
01-01 00:49:40.261   495   495 E mm-camera: module_imgbase_init_imglib_dcrf:2626] Error rc -6
01-01 00:49:40.262   495   495 E mm-camera-img: module_imglib_create_topology:742] Can not init the module imglib_dcrf
01-01 00:49:40.265   495   495 E mm-camera-img: hdr_comp_load:1266] Error linking hdrSingleFrameCore
01-01 00:49:40.265   495   495 E hdr     : module_hdr_lib_query_mod:181] Supported scenemode cnt 1
01-01 00:49:40.266   495   495 E mm-camera-img: frameproc_comp_load:846] Error opening frameproc library libmmcamera_chromaflash_lib.so error dlopen failed: library "libmmcamera_chromaflash_lib.so" not found
01-01 00:49:40.266   495   495 E mm-camera: module_imgbase_init_imglib_chroma_flash:2626] Error rc -6
01-01 00:49:40.267   495   495 E mm-camera-img: module_imglib_create_topology:742] Can not init the module imglib_chroma_flash
01-01 00:49:40.268   495   495 E mm-camera-img: frameproc_comp_load:846] Error opening frameproc library libmmcamera_optizoom_lib.so error dlopen failed: library "libmmcamera_optizoom_lib.so" not found
01-01 00:49:40.268   495   495 E mm-camera: module_imgbase_init_imglib_optizoom:2626] Error rc -6
01-01 00:49:40.269   495   495 E mm-camera-img: module_imglib_create_topology:742] Can not init the module imglib_optizoom
01-01 00:49:40.271   495   495 E mm-camera-img: frameproc_comp_load:846] Error opening frameproc library libmmcamera_ubifocus_lib.so error dlopen failed: library "libmmcamera_ubifocus_lib.so" not found
01-01 00:49:40.271   495   495 E mm-camera: module_imgbase_init_imglib_ubifocus:2626] Error rc -6
01-01 00:49:40.272   495   495 E mm-camera-img: module_imglib_create_topology:742] Can not init the module imglib_ubifocus
01-01 00:49:40.273   495   495 E mm-camera-img: frameproc_comp_load:846] Error opening frameproc library libmmcamera_ubifocus_lib.so error dlopen failed: library "libmmcamera_ubifocus_lib.so" not found
01-01 00:49:40.273   495   495 E mm-camera: module_imgbase_init_imglib_refocus:2626] Error rc -6
01-01 00:49:40.274   495   495 E mm-camera-img: module_imglib_create_topology:742] Can not init the module imglib_refocus
01-01 00:49:40.276   495   495 E mm-camera-img: frameproc_comp_load:846] Error opening frameproc library libmmcamera_trueportrait_lib.so error dlopen failed: library "libmmcamera_trueportrait_lib.so" not found
01-01 00:49:40.276   495   495 E mm-camera: module_imgbase_init_imglib_trueportrait:2626] Error rc -6
01-01 00:49:40.277   495   495 E mm-camera-img: module_imglib_create_topology:742] Can not init the module imglib_trueportrait
01-01 00:49:40.278   495   495 E mm-camera-img: frameproc_comp_load:846] Error opening frameproc library libmmcamera_stillmore_lib.so error dlopen failed: library "libmmcamera_stillmore_lib.so" not found
01-01 00:49:40.278   495   495 E mm-camera: module_imgbase_init_imglib_stillmore:2626] Error rc -6
01-01 00:49:40.280   495   495 E mm-camera-img: module_imglib_create_topology:742] Can not init the module imglib_stillmore
01-01 00:49:40.281   495   495 E mm-camera-bayerproc: frameproc_comp_load:959] Error opening frameproc library libmmcamera_bp_svhdr.so error dlopen failed: library "libmmcamera_bp_svhdr.so" not found
01-01 00:49:40.281   495   495 E mm-camera: module_bayerprocbase_init_bayer_proc_svhdr:2544] Error rc -6
01-01 00:49:40.282   495   495 E mm-camera-bayerproc: module_bayer_proc_create_topology:747] Can not init the module bayer_proc_svhdr
01-01 00:49:40.283   495   495 E mm-camera-bayerproc: frameproc_comp_load:959] Error opening frameproc library libmmcamera_bp_svhdr.so error dlopen failed: library "libmmcamera_bp_svhdr.so" not found
01-01 00:49:40.283   495   495 E mm-camera: module_bayerprocbase_init_bayer_proc_svhdr:2544] Error rc -6
01-01 00:49:40.284   495   495 E mm-camera-bayerproc: module_bayer_proc_create_topology:747] Can not init the module bayer_proc_svhdr
01-01 00:49:40.285   495   495 E mm-camera-bayerproc: frameproc_comp_load:959] Error opening frameproc library libmmcamera_bp_svhdr.so error dlopen failed: library "libmmcamera_bp_svhdr.so" not found
01-01 00:49:40.285   495   495 E mm-camera: module_bayerprocbase_init_bayer_proc_svhdr:2544] Error rc -6
01-01 00:49:40.286   495   495 E mm-camera-bayerproc: module_bayer_proc_create_topology:747] Can not init the module bayer_proc_svhdr
01-01 00:49:40.287   495   495 E mm-camera-bayerproc: frameproc_comp_load:959] Error opening frameproc library libmmcamera_bp_svhdr.so error dlopen failed: library "libmmcamera_bp_svhdr.so" not found
01-01 00:49:40.287   495   495 E mm-camera: module_bayerprocbase_init_bayer_proc_svhdr:2544] Error rc -6
01-01 00:49:40.288   495   495 E mm-camera-bayerproc: module_bayer_proc_create_topology:747] Can not init the module bayer_proc_svhdr
01-01 00:49:40.289   495   495 E mm-camera-bayerproc: frameproc_comp_load:959] Error opening frameproc library libmmcamera_bp_svhdr.so error dlopen failed: library "libmmcamera_bp_svhdr.so" not found
01-01 00:49:40.289   495   495 E mm-camera: module_bayerprocbase_init_bayer_proc_svhdr:2544] Error rc -6
01-01 00:49:40.290   495   495 E mm-camera-bayerproc: module_bayer_proc_create_topology:747] Can not init the module bayer_proc_svhdr
01-01 00:49:40.291   495   495 E mm-camera-bayerproc: frameproc_comp_load:959] Error opening frameproc library libmmcamera_bp_svhdr.so error dlopen failed: library "libmmcamera_bp_svhdr.so" not found
01-01 00:49:40.291   495   495 E mm-camera: module_bayerprocbase_init_bayer_proc_svhdr:2544] Error rc -6
01-01 00:49:40.292   495   495 E mm-camera-bayerproc: module_bayer_proc_create_topology:747] Can not init the module bayer_proc_svhdr
01-01 00:49:40.292  1094  1094 W PackageParser: Ignoring duplicate uses-permissions/uses-permissions-sdk-m: android.permission.CONFIGURE_WIFI_DISPLAY in package: com.android.systemui at: Binary XML file line #120
01-01 00:49:40.459  1094  1094 W PackageParser: Ignoring duplicate uses-permissions/uses-permissions-sdk-m: android.permission.INTERNET in package: com.limedia.camera at: Binary XML file line #15
01-01 00:49:40.459  1094  1094 W PackageParser: Ignoring duplicate uses-permissions/uses-permissions-sdk-m: android.permission.WRITE_EXTERNAL_STORAGE in package: com.limedia.camera at: Binary XML file line #16
01-01 00:49:40.459  1094  1094 W PackageParser: Ignoring duplicate uses-permissions/uses-permissions-sdk-m: android.permission.MOUNT_UNMOUNT_FILESYSTEMS in package: com.limedia.camera at: Binary XML file line #17
01-01 00:49:40.459  1094  1094 W PackageParser: Ignoring duplicate uses-permissions/uses-permissions-sdk-m: android.permission.WRITE_EXTERNAL_STORAGE in package: com.limedia.camera at: Binary XML file line #18
01-01 00:49:40.510  1094  1094 W PackageParser: Ignoring duplicate uses-permissions/uses-permissions-sdk-m: android.permission.WRITE_EXTERNAL_STORAGE in package: org.mortbay.ijetty at: Binary XML file line #30
01-01 00:49:40.510  1094  1094 W PackageParser: Ignoring duplicate uses-permissions/uses-permissions-sdk-m: android.permission.WAKE_LOCK in package: org.mortbay.ijetty at: Binary XML file line #31
01-01 00:49:40.510  1094  1094 W PackageParser: Ignoring duplicate uses-permissions/uses-permissions-sdk-m: android.permission.INTERNET in package: org.mortbay.ijetty at: Binary XML file line #37
01-01 00:49:40.510  1094  1094 W PackageParser: Ignoring duplicate uses-permissions/uses-permissions-sdk-m: android.permission.ACCESS_NETWORK_STATE in package: org.mortbay.ijetty at: Binary XML file line #40
01-01 00:49:40.510  1094  1094 W PackageParser: Ignoring duplicate uses-permissions/uses-permissions-sdk-m: android.permission.RECEIVE_BOOT_COMPLETED in package: org.mortbay.ijetty at: Binary XML file line #42
01-01 00:49:40.511  1094  1094 W PackageParser: <manifest> has more than one <application>
01-01 00:49:40.511  1094  1094 W PackageParser: <manifest> has more than one <application>
01-01 00:49:40.578  1094  1094 W PackageParser: Unknown element under <application>: permission at /system/app/Gallery2/Gallery2.apk Binary XML file line #245
01-01 00:49:40.578  1094  1094 W PackageParser: Unknown element under <application>: permission at /system/app/Gallery2/Gallery2.apk Binary XML file line #248
01-01 00:49:40.786  1094  1094 W PackageParser: Ignoring duplicate uses-permissions/uses-permissions-sdk-m: android.permission.READ_SYNC_SETTINGS in package: com.qualcomm.simcontacts at: Binary XML file line #52
01-01 00:49:40.786  1094  1094 W PackageParser: Ignoring duplicate uses-permissions/uses-permissions-sdk-m: android.permission.WRITE_SYNC_SETTINGS in package: com.qualcomm.simcontacts at: Binary XML file line #54
01-01 00:49:40.811  1094  1094 W ResourceType: Failure getting entry for 0x7f040011 (t=3 e=17) (error -75)
01-01 00:49:40.812  1094  1094 W ResourceType: Failure getting entry for 0x7f040011 (t=3 e=17) (error -75)
01-01 00:49:41.129  1094  1094 D PackageManager: No files in app dir /oem/app
01-01 00:49:41.132  1094  1094 D PackageManager: No files in app dir /data/app
01-01 00:49:41.132  1094  1094 D PackageManager: No files in app dir /data/app-private
01-01 00:49:41.132  1094  1094 W PackageManager: Package com.android.gallery3d desires unavailable shared library com.google.android.media.effects; ignoring!
01-01 00:49:41.132  1094  1094 W PackageManager: Package com.android.gallery3d desires unavailable shared library com.google.android.media.effects; ignoring!
01-01 00:49:41.133  1094  1094 I PackageManager: Adjusting ABI for : com.qualcomm.qti.tetherservice to arm64-v8a
01-01 00:49:41.135  1094  1094 I PackageManager: Adjusting ABI for : com.qualcomm.cabl to arm64-v8a
01-01 00:49:41.135   465   465 E installd: invalid apk path '/system/vendor/app/CABLService' (bad prefix)
01-01 00:49:41.135  1094  1094 I PackageManager: Adjusting ABI for : com.qualcomm.svi to arm64-v8a
01-01 00:49:41.135   465   465 E installd: invalid apk path '/system/vendor/app/SVIService' (bad prefix)
01-01 00:49:41.135  1094  1094 I PackageManager: Adjusting ABI for : com.android.inputdevices to arm64-v8a
01-01 00:49:41.135  1094  1094 I PackageManager: Adjusting ABI for : com.android.keychain to arm64-v8a
01-01 00:49:41.136  1094  1094 I PackageManager: Adjusting ABI for : com.qualcomm.qti.auth.securesampleauthservice to arm64-v8a
01-01 00:49:41.136  1094  1094 I PackageManager: Adjusting ABI for : com.qualcomm.atfwd to arm64-v8a
01-01 00:49:41.136  1094  1094 I PackageManager: Adjusting ABI for : com.quicinc.cne.CNEService to arm64-v8a
01-01 00:49:41.136  1094  1094 I PackageManager: Adjusting ABI for : com.android.providers.settings to arm64-v8a
01-01 00:49:41.136  1094  1094 I PackageManager: Adjusting ABI for : com.android.location.fused to arm64-v8a
01-01 00:49:41.136  1094  1094 I PackageManager: Adjusting ABI for : com.qualcomm.simcontacts to arm64-v8a
01-01 00:49:41.137  1094  1094 I PackageManager: Adjusting ABI for : com.android.server.telecom to arm64-v8a
01-01 00:49:41.137  1094  1094 I PackageManager: Adjusting ABI for : com.qualcomm.qualcommsettings to arm64-v8a
01-01 00:49:41.137  1094  1094 I PackageManager: Adjusting ABI for : com.qualcomm.qti.RIDL to arm64-v8a
01-01 00:49:41.137  1094  1094 I PackageManager: Adjusting ABI for : com.android.settings to arm64-v8a
01-01 00:49:41.139  1094  1094 I PackageManager: Time to scan packages: 1.921 seconds
01-01 00:49:41.140  1094  1094 W PackageManager: Unknown permission android.permission.PACKET_KEEPALIVE_OFFLOAD in package com.quicinc.cne.CNEService
01-01 00:49:41.141  1094  1094 W PackageManager: Unknown permission android.permission.DOWNLOAD_WITHOUT_NOTIFICATION in package com.android.messaging
01-01 00:49:41.141  1094  1094 W PackageManager: Unknown permission com.google.android.googleapps.permission.GOOGLE_AUTH in package com.android.settings
01-01 00:49:41.141  1094  1094 W PackageManager: Unknown permission android.permission.ACCESS_DOWNLOAD_MANAGER in package com.android.settings
01-01 00:49:41.142  1094  1094 W PackageManager: Unknown permission com.android.smspush.WAPPUSH_MANAGER_BIND in package com.android.phone
01-01 00:49:41.142  1094  1094 W PackageManager: Unknown permission android.permission.ACCESS_BLUETOOTH_AVRCP_CT_DATA in package com.android.systemui
01-01 00:49:41.178   463   463 I ServiceManager: Waiting for service media.camera.proxy...
01-01 00:49:41.195  1094  1094 I art     : Starting a blocking GC Explicit
01-01 00:49:41.218  1094  1094 I art     : Explicit concurrent mark sweep GC freed 62281(4MB) AllocSpace objects, 52(1040KB) LOS objects, 71% free, 3MB/11MB, paused 201us total 23.064ms
01-01 00:49:41.219  1094  1094 I SystemServer: User Service
01-01 00:49:41.228   443   443 I lowmemorykiller: ActivityManager connected
01-01 00:49:41.228  1094  1094 I SystemServiceManager: Starting com.android.server.BatteryService
01-01 00:49:41.228  1094  1449 I         : System server: starting sensor init.
01-01 00:49:41.228  1094  1449 D SensorService: nuSensorService starting...
01-01 00:49:41.234  1094  1094 I SystemServiceManager: Starting com.android.server.usage.UsageStatsService
01-01 00:49:41.235  1094  1105 E qdlights: write_int failed to open /sys/class/leds/green/brightness
01-01 00:49:41.243  1094  1094 I SystemServiceManager: Starting com.android.server.webkit.WebViewUpdateService
01-01 00:49:41.246  1094  1094 I SystemServer: Reading configuration...
01-01 00:49:41.246  1094  1094 I SystemServer: Scheduling Policy
01-01 00:49:41.247  1094  1094 I SystemServiceManager: Starting com.android.server.telecom.TelecomLoaderService
01-01 00:49:41.248  1094  1094 I SystemServer: Telephony Registry
01-01 00:49:41.254  1094  1094 I SystemServer: Entropy Mixer
01-01 00:49:41.255  1094  1094 I EntropyMixer: Writing entropy...
01-01 00:49:41.263  1094  1094 I SystemServer: Camera Service
01-01 00:49:41.263  1094  1094 I SystemServiceManager: Starting com.android.server.camera.CameraService
01-01 00:49:41.266  1094  1457 I ServiceThread: Enabled StrictMode logging for CameraService_proxy looper.
01-01 00:49:41.267  1094  1094 I SystemServer: Account Manager
01-01 00:49:41.271  1094  1094 I SystemServer: Content Manager
01-01 00:49:41.275  1094  1094 I SystemServer: System Content Providers
01-01 00:49:41.313  1094  1449 W qti_sensors_hal: SensorsContext::getSensor handle 10 is NULL!
01-01 00:49:41.313  1094  1449 W qti_sensors_hal: SensorsContext::getSensor handle 2 is NULL!
01-01 00:49:41.315  1094  1449 I MultiHal: Loaded library from sensors.ssc.so
01-01 00:49:41.315  1094  1449 W qti_sensors_hal: sensors_get_sensors_list: handle 0 is not registered!
01-01 00:49:41.315  1094  1449 W qti_sensors_hal: sensors_get_sensors_list: handle 10 is not registered!
01-01 00:49:41.315  1094  1449 W qti_sensors_hal: sensors_get_sensors_list: handle 11 is not registered!
01-01 00:49:41.315  1094  1449 W qti_sensors_hal: sensors_get_sensors_list: handle 56 is not registered!
01-01 00:49:41.315  1094  1449 W qti_sensors_hal: sensors_get_sensors_list: handle 57 is not registered!
01-01 00:49:41.315  1094  1449 W qti_sensors_hal: sensors_get_sensors_list: handle 2 is not registered!
01-01 00:49:41.315  1094  1449 W qti_sensors_hal: sensors_get_sensors_list: handle 8 is not registered!
01-01 00:49:41.315  1094  1449 W qti_sensors_hal: sensors_get_sensors_list: handle 20 is not registered!
01-01 00:49:41.315  1094  1449 W qti_sensors_hal: sensors_get_sensors_list: handle 53 is not registered!
01-01 00:49:41.315  1094  1449 W qti_sensors_hal: sensors_get_sensors_list: handle 1 is not registered!
01-01 00:49:41.316  1094  1449 W qti_sensors_hal: sensors_get_sensors_list: handle 3 is not registered!
01-01 00:49:41.316  1094  1449 W qti_sensors_hal: sensors_get_sensors_list: handle 9 is not registered!
01-01 00:49:41.316  1094  1449 W qti_sensors_hal: sensors_get_sensors_list: handle 15 is not registered!
01-01 00:49:41.316  1094  1449 W qti_sensors_hal: sensors_get_sensors_list: handle 21 is not registered!
01-01 00:49:41.316  1094  1449 W qti_sensors_hal: sensors_get_sensors_list: handle 30 is not registered!
01-01 00:49:41.316  1094  1449 W qti_sensors_hal: sensors_get_sensors_list: handle 31 is not registered!
01-01 00:49:41.316  1094  1449 W qti_sensors_hal: sensors_get_sensors_list: handle 76 is not registered!
01-01 00:49:41.316  1094  1449 W qti_sensors_hal: sensors_get_sensors_list: handle 77 is not registered!
01-01 00:49:41.316  1094  1449 W qti_sensors_hal: sensors_get_sensors_list: handle 23 is not registered!
01-01 00:49:41.316  1094  1449 W qti_sensors_hal: sensors_get_sensors_list: handle 28 is not registered!
01-01 00:49:41.316  1094  1449 W qti_sensors_hal: sensors_get_sensors_list: handle 33 is not registered!
01-01 00:49:41.316  1094  1449 W qti_sensors_hal: sensors_get_sensors_list: handle 75 is not registered!
01-01 00:49:41.316  1094  1449 W qti_sensors_hal: sensors_get_sensors_list: handle 22 is not registered!
01-01 00:49:41.316  1094  1449 W qti_sensors_hal: sensors_get_sensors_list: handle 24 is not registered!
01-01 00:49:41.316  1094  1449 W qti_sensors_hal: sensors_get_sensors_list: handle 29 is not registered!
01-01 00:49:41.316  1094  1449 W qti_sensors_hal: sensors_get_sensors_list: handle 32 is not registered!
01-01 00:49:41.316  1094  1449 W qti_sensors_hal: sensors_get_sensors_list: handle 34 is not registered!
01-01 00:49:41.316  1094  1449 W qti_sensors_hal: sensors_get_sensors_list: handle 35 is not registered!
01-01 00:49:41.316  1094  1449 W qti_sensors_hal: sensors_get_sensors_list: handle 41 is not registered!
01-01 00:49:41.316  1094  1449 W qti_sensors_hal: sensors_get_sensors_list: handle 48 is not registered!
01-01 00:49:41.316  1094  1449 W qti_sensors_hal: sensors_get_sensors_list: handle 49 is not registered!
01-01 00:49:41.316  1094  1449 W qti_sensors_hal: sensors_get_sensors_list: handle 52 is not registered!
01-01 00:49:41.316  1094  1449 W qti_sensors_hal: sensors_get_sensors_list: handle 55 is not registered!
01-01 00:49:41.316  1094  1449 W qti_sensors_hal: sensors_get_sensors_list: handle 58 is not registered!
01-01 00:49:41.316  1094  1449 W qti_sensors_hal: sensors_get_sensors_list: handle 54 is not registered!
01-01 00:49:41.316  1094  1449 W qti_sensors_hal: sensors_get_sensors_list: handle 60 is not registered!
01-01 00:49:41.316  1094  1449 W qti_sensors_hal: sensors_get_sensors_list: handle 61 is not registered!
01-01 00:49:41.316  1094  1449 W qti_sensors_hal: sensors_get_sensors_list: handle 62 is not registered!
01-01 00:49:41.316  1094  1449 W qti_sensors_hal: sensors_get_sensors_list: handle 64 is not registered!
01-01 00:49:41.316  1094  1449 W qti_sensors_hal: sensors_get_sensors_list: handle 68 is not registered!
01-01 00:49:41.316  1094  1449 W qti_sensors_hal: sensors_get_sensors_list: handle 69 is not registered!
01-01 00:49:41.316  1094  1449 W qti_sensors_hal: sensors_get_sensors_list: handle 70 is not registered!
01-01 00:49:41.316  1094  1449 W qti_sensors_hal: sensors_get_sensors_list: handle 73 is not registered!
01-01 00:49:41.316  1094  1449 W qti_sensors_hal: sensors_get_sensors_list: handle 74 is not registered!
01-01 00:49:41.316  1094  1449 W qti_sensors_hal: sensors_get_sensors_list: handle 71 is not registered!
01-01 00:49:41.316  1094  1449 W qti_sensors_hal: sensors_get_sensors_list: handle 72 is not registered!
01-01 00:49:41.316  1094  1449 W qti_sensors_hal: sensors_get_sensors_list: handle 67 is not registered!
01-01 00:49:41.316  1094  1449 W qti_sensors_hal: sensors_get_sensors_list: handle 78 is not registered!
01-01 00:49:41.316  1094  1094 W System  : ClassLoader referenced unknown path: /system/priv-app/SettingsProvider/lib/arm64
01-01 00:49:41.316  1094  1449 W qti_sensors_hal: sensors_get_sensors_list: handle 4 is not registered!
01-01 00:49:41.316  1094  1449 W qti_sensors_hal: sensors_get_sensors_list: handle 5 is not registered!
01-01 00:49:41.316  1094  1449 W qti_sensors_hal: sensors_get_sensors_list: handle 6 is not registered!
01-01 00:49:41.316  1094  1449 W qti_sensors_hal: sensors_get_sensors_list: handle 7 is not registered!
01-01 00:49:41.316  1094  1449 W qti_sensors_hal: sensors_get_sensors_list: handle 25 is not registered!
01-01 00:49:41.316  1094  1449 W qti_sensors_hal: sensors_get_sensors_list: handle 26 is not registered!
01-01 00:49:41.316  1094  1449 W qti_sensors_hal: sensors_get_sensors_list: handle 27 is not registered!
01-01 00:49:41.316  1094  1449 W qti_sensors_hal: sensors_get_sensors_list: handle 36 is not registered!
01-01 00:49:41.316  1094  1449 W qti_sensors_hal: sensors_get_sensors_list: handle 37 is not registered!
01-01 00:49:41.316  1094  1449 W qti_sensors_hal: sensors_get_sensors_list: handle 38 is not registered!
01-01 00:49:41.316  1094  1449 W qti_sensors_hal: sensors_get_sensors_list: handle 39 is not registered!
01-01 00:49:41.316  1094  1449 W qti_sensors_hal: sensors_get_sensors_list: handle 40 is not registered!
01-01 00:49:41.316  1094  1449 W qti_sensors_hal: sensors_get_sensors_list: handle 42 is not registered!
01-01 00:49:41.316  1094  1449 W qti_sensors_hal: sensors_get_sensors_list: handle 43 is not registered!
01-01 00:49:41.316  1094  1449 W qti_sensors_hal: sensors_get_sensors_list: handle 44 is not registered!
01-01 00:49:41.316  1094  1449 W qti_sensors_hal: sensors_get_sensors_list: handle 45 is not registered!
01-01 00:49:41.316  1094  1449 W qti_sensors_hal: sensors_get_sensors_list: handle 46 is not registered!
01-01 00:49:41.316  1094  1449 W qti_sensors_hal: sensors_get_sensors_list: handle 47 is not registered!
01-01 00:49:41.316  1094  1449 W qti_sensors_hal: sensors_get_sensors_list: handle 50 is not registered!
01-01 00:49:41.316  1094  1449 W qti_sensors_hal: sensors_get_sensors_list: handle 51 is not registered!
01-01 00:49:41.316  1094  1449 W qti_sensors_hal: sensors_get_sensors_list: handle 59 is not registered!
01-01 00:49:41.316  1094  1449 W qti_sensors_hal: sensors_get_sensors_list: handle 12 is not registered!
01-01 00:49:41.316  1094  1449 W qti_sensors_hal: sensors_get_sensors_list: handle 13 is not registered!
01-01 00:49:41.316  1094  1449 W qti_sensors_hal: sensors_get_sensors_list: handle 14 is not registered!
01-01 00:49:41.316  1094  1449 W qti_sensors_hal: sensors_get_sensors_list: handle 16 is not registered!
01-01 00:49:41.316  1094  1449 W qti_sensors_hal: sensors_get_sensors_list: handle 63 is not registered!
01-01 00:49:41.316  1094  1449 W qti_sensors_hal: sensors_get_sensors_list: handle 17 is not registered!
01-01 00:49:41.316  1094  1449 W qti_sensors_hal: sensors_get_sensors_list: handle 18 is not registered!
01-01 00:49:41.316  1094  1449 W qti_sensors_hal: sensors_get_sensors_list: handle 19 is not registered!
01-01 00:49:41.316  1094  1449 W qti_sensors_hal: sensors_get_sensors_list: handle 65 is not registered!
01-01 00:49:41.316  1094  1449 W qti_sensors_hal: sensors_get_sensors_list: handle 66 is not registered!
01-01 00:49:41.316  1094  1449 W qti_sensors_hal: sensors_get_sensors_list: handle 0 is not registered!
01-01 00:49:41.316  1094  1449 W qti_sensors_hal: sensors_get_sensors_list: handle 10 is not registered!
01-01 00:49:41.316  1094  1449 W qti_sensors_hal: sensors_get_sensors_list: handle 11 is not registered!
01-01 00:49:41.316  1094  1449 W qti_sensors_hal: sensors_get_sensors_list: handle 56 is not registered!
01-01 00:49:41.316  1094  1449 W qti_sensors_hal: sensors_get_sensors_list: handle 57 is not registered!
01-01 00:49:41.316  1094  1449 W qti_sensors_hal: sensors_get_sensors_list: handle 2 is not registered!
01-01 00:49:41.316  1094  1449 W qti_sensors_hal: sensors_get_sensors_list: handle 8 is not registered!
01-01 00:49:41.316  1094  1449 W qti_sensors_hal: sensors_get_sensors_list: handle 20 is not registered!
01-01 00:49:41.316  1094  1449 W qti_sensors_hal: sensors_get_sensors_list: handle 53 is not registered!
01-01 00:49:41.316  1094  1449 W qti_sensors_hal: sensors_get_sensors_list: handle 1 is not registered!
01-01 00:49:41.316  1094  1449 W qti_sensors_hal: sensors_get_sensors_list: handle 3 is not registered!
01-01 00:49:41.316  1094  1449 W qti_sensors_hal: sensors_get_sensors_list: handle 9 is not registered!
01-01 00:49:41.316  1094  1449 W qti_sensors_hal: sensors_get_sensors_list: handle 15 is not registered!
01-01 00:49:41.316  1094  1449 W qti_sensors_hal: sensors_get_sensors_list: handle 21 is not registered!
01-01 00:49:41.316  1094  1449 W qti_sensors_hal: sensors_get_sensors_list: handle 30 is not registered!
01-01 00:49:41.316  1094  1449 W qti_sensors_hal: sensors_get_sensors_list: handle 31 is not registered!
01-01 00:49:41.316  1094  1449 W qti_sensors_hal: sensors_get_sensors_list: handle 76 is not registered!
01-01 00:49:41.316  1094  1449 W qti_sensors_hal: sensors_get_sensors_list: handle 77 is not registered!
01-01 00:49:41.316  1094  1449 W qti_sensors_hal: sensors_get_sensors_list: handle 23 is not registered!
01-01 00:49:41.316  1094  1449 W qti_sensors_hal: sensors_get_sensors_list: handle 28 is not registered!
01-01 00:49:41.316  1094  1449 W qti_sensors_hal: sensors_get_sensors_list: handle 33 is not registered!
01-01 00:49:41.316  1094  1449 W qti_sensors_hal: sensors_get_sensors_list: handle 75 is not registered!
01-01 00:49:41.316  1094  1449 W qti_sensors_hal: sensors_get_sensors_list: handle 22 is not registered!
01-01 00:49:41.316  1094  1449 W qti_sensors_hal: sensors_get_sensors_list: handle 24 is not registered!
01-01 00:49:41.316  1094  1449 W qti_sensors_hal: sensors_get_sensors_list: handle 29 is not registered!
01-01 00:49:41.316  1094  1449 W qti_sensors_hal: sensors_get_sensors_list: handle 32 is not registered!
01-01 00:49:41.316  1094  1449 W qti_sensors_hal: sensors_get_sensors_list: handle 34 is not registered!
01-01 00:49:41.316  1094  1449 W qti_sensors_hal: sensors_get_sensors_list: handle 35 is not registered!
01-01 00:49:41.316  1094  1449 W qti_sensors_hal: sensors_get_sensors_list: handle 41 is not registered!
01-01 00:49:41.316  1094  1449 W qti_sensors_hal: sensors_get_sensors_list: handle 48 is not registered!
01-01 00:49:41.316  1094  1449 W qti_sensors_hal: sensors_get_sensors_list: handle 49 is not registered!
01-01 00:49:41.316  1094  1449 W qti_sensors_hal: sensors_get_sensors_list: handle 52 is not registered!
01-01 00:49:41.316  1094  1449 W qti_sensors_hal: sensors_get_sensors_list: handle 55 is not registered!
01-01 00:49:41.316  1094  1449 W qti_sensors_hal: sensors_get_sensors_list: handle 58 is not registered!
01-01 00:49:41.316  1094  1449 W qti_sensors_hal: sensors_get_sensors_list: handle 54 is not registered!
01-01 00:49:41.316  1094  1449 W qti_sensors_hal: sensors_get_sensors_list: handle 60 is not registered!
01-01 00:49:41.316  1094  1449 W qti_sensors_hal: sensors_get_sensors_list: handle 61 is not registered!
01-01 00:49:41.316  1094  1449 W qti_sensors_hal: sensors_get_sensors_list: handle 62 is not registered!
01-01 00:49:41.316  1094  1449 W qti_sensors_hal: sensors_get_sensors_list: handle 64 is not registered!
01-01 00:49:41.316  1094  1449 W qti_sensors_hal: sensors_get_sensors_list: handle 68 is not registered!
01-01 00:49:41.316  1094  1449 W qti_sensors_hal: sensors_get_sensors_list: handle 69 is not registered!
01-01 00:49:41.316  1094  1449 W qti_sensors_hal: sensors_get_sensors_list: handle 70 is not registered!
01-01 00:49:41.316  1094  1449 W qti_sensors_hal: sensors_get_sensors_list: handle 73 is not registered!
01-01 00:49:41.316  1094  1449 W qti_sensors_hal: sensors_get_sensors_list: handle 74 is not registered!
01-01 00:49:41.316  1094  1449 W qti_sensors_hal: sensors_get_sensors_list: handle 71 is not registered!
01-01 00:49:41.316  1094  1449 W qti_sensors_hal: sensors_get_sensors_list: handle 72 is not registered!
01-01 00:49:41.316  1094  1449 W qti_sensors_hal: sensors_get_sensors_list: handle 67 is not registered!
01-01 00:49:41.316  1094  1449 W qti_sensors_hal: sensors_get_sensors_list: handle 78 is not registered!
01-01 00:49:41.316  1094  1449 W qti_sensors_hal: sensors_get_sensors_list: handle 4 is not registered!
01-01 00:49:41.316  1094  1449 W qti_sensors_hal: sensors_get_sensors_list: handle 5 is not registered!
01-01 00:49:41.316  1094  1449 W qti_sensors_hal: sensors_get_sensors_list: handle 6 is not registered!
01-01 00:49:41.316  1094  1449 W qti_sensors_hal: sensors_get_sensors_list: handle 7 is not registered!
01-01 00:49:41.316  1094  1449 W qti_sensors_hal: sensors_get_sensors_list: handle 25 is not registered!
01-01 00:49:41.316  1094  1449 W qti_sensors_hal: sensors_get_sensors_list: handle 26 is not registered!
01-01 00:49:41.316  1094  1449 W qti_sensors_hal: sensors_get_sensors_list: handle 27 is not registered!
01-01 00:49:41.316  1094  1449 W qti_sensors_hal: sensors_get_sensors_list: handle 36 is not registered!
01-01 00:49:41.316  1094  1449 W qti_sensors_hal: sensors_get_sensors_list: handle 37 is not registered!
01-01 00:49:41.316  1094  1449 W qti_sensors_hal: sensors_get_sensors_list: handle 38 is not registered!
01-01 00:49:41.316  1094  1449 W qti_sensors_hal: sensors_get_sensors_list: handle 39 is not registered!
01-01 00:49:41.316  1094  1449 W qti_sensors_hal: sensors_get_sensors_list: handle 40 is not registered!
01-01 00:49:41.316  1094  1449 W qti_sensors_hal: sensors_get_sensors_list: handle 42 is not registered!
01-01 00:49:41.316  1094  1449 W qti_sensors_hal: sensors_get_sensors_list: handle 43 is not registered!
01-01 00:49:41.316  1094  1449 W qti_sensors_hal: sensors_get_sensors_list: handle 44 is not registered!
01-01 00:49:41.316  1094  1449 W qti_sensors_hal: sensors_get_sensors_list: handle 45 is not registered!
01-01 00:49:41.316  1094  1449 W qti_sensors_hal: sensors_get_sensors_list: handle 46 is not registered!
01-01 00:49:41.316  1094  1449 W qti_sensors_hal: sensors_get_sensors_list: handle 47 is not registered!
01-01 00:49:41.316  1094  1449 W qti_sensors_hal: sensors_get_sensors_list: handle 50 is not registered!
01-01 00:49:41.316  1094  1449 W qti_sensors_hal: sensors_get_sensors_list: handle 51 is not registered!
01-01 00:49:41.316  1094  1449 W qti_sensors_hal: sensors_get_sensors_list: handle 59 is not registered!
01-01 00:49:41.316  1094  1449 W qti_sensors_hal: sensors_get_sensors_list: handle 12 is not registered!
01-01 00:49:41.316  1094  1449 W qti_sensors_hal: sensors_get_sensors_list: handle 13 is not registered!
01-01 00:49:41.316  1094  1449 W qti_sensors_hal: sensors_get_sensors_list: handle 14 is not registered!
01-01 00:49:41.316  1094  1449 W qti_sensors_hal: sensors_get_sensors_list: handle 16 is not registered!
01-01 00:49:41.316  1094  1449 W qti_sensors_hal: sensors_get_sensors_list: handle 63 is not registered!
01-01 00:49:41.316  1094  1449 W qti_sensors_hal: sensors_get_sensors_list: handle 17 is not registered!
01-01 00:49:41.316  1094  1449 W qti_sensors_hal: sensors_get_sensors_list: handle 18 is not registered!
01-01 00:49:41.316  1094  1449 W qti_sensors_hal: sensors_get_sensors_list: handle 19 is not registered!
01-01 00:49:41.316  1094  1449 W qti_sensors_hal: sensors_get_sensors_list: handle 65 is not registered!
01-01 00:49:41.316  1094  1449 W qti_sensors_hal: sensors_get_sensors_list: handle 66 is not registered!
01-01 00:49:41.317  1094  1449 I         : System server: sensor init done.
01-01 00:49:41.329  1094  1094 I SystemServer: Vibrator Service
01-01 00:49:41.330  1094  1094 I SystemServer: Consumer IR Service
01-01 00:49:41.330  1094  1094 E ConsumerIrService: Can't open consumer IR HW Module, error: -2
01-01 00:49:41.331  1094  1094 I SystemServiceManager: Starting com.android.server.AlarmManagerService
01-01 00:49:41.336  1094  1094 I SystemServer: Init Watchdog
01-01 00:49:41.337  1094  1094 I SystemServer: Input Manager
01-01 00:49:41.337  1094  1094 I InputManager: Initializing input manager, mUseDevInputEventForAudioJack=true
01-01 00:49:41.343  1094  1094 I SystemServer: Window Manager
01-01 00:49:41.362  1094  1113 I WindowManager: No existing display settings /data/system/display_settings.xml; starting empty
01-01 00:49:41.397  1094  1094 I InputManager: Starting input manager
01-01 00:49:41.398  1094  1094 I SystemServer: Bluetooth Service
01-01 00:49:41.398  1094  1094 I SystemServiceManager: Starting com.android.server.BluetoothService
01-01 00:49:41.399  1094  1473 D EventHub: No input device configuration file found for device 'msm8976-skun-snd-card Headset Jack'.
01-01 00:49:41.399  1094  1473 I EventHub: New device: id=1, fd=77, path='/dev/input/event4', name='msm8976-skun-snd-card Headset Jack', classes=0x80, configuration='', keyLayout='', keyCharacterMap='', builtinKeyboard=false, wakeMechanism=EPOLLWAKEUP, usingClockIoctl=true
01-01 00:49:41.399  1094  1473 D EventHub: No input device configuration file found for device 'msm8976-skun-snd-card Button Jack'.
01-01 00:49:41.404  1094  1094 D BluetoothManagerService: Loading stored name and address
01-01 00:49:41.404  1094  1094 D BluetoothManagerService: Stored bluetooth Name=null,Address=null
01-01 00:49:41.404  1094  1094 D BluetoothService: onStart: publishing BluetoothManagerService
01-01 00:49:41.405  1094  1094 I SystemServer: Input Method Service
01-01 00:49:41.406  1094  1473 W EventHub: Unable to disable kernel key repeat for /dev/input/event3: Function not implemented
01-01 00:49:41.406  1094  1473 I EventHub: New device: id=2, fd=78, path='/dev/input/event3', name='msm8976-skun-snd-card Button Jack', classes=0x1, configuration='', keyLayout='/system/usr/keylayout/Generic.kl', keyCharacterMap='/system/usr/keychars/Generic.kcm', builtinKeyboard=false, wakeMechanism=EPOLLWAKEUP, usingClockIoctl=true
01-01 00:49:41.407  1094  1473 D EventHub: No input device configuration file found for device 'qpnp_pon'.
01-01 00:49:41.409  1094  1094 W InputMethodUtils: Found no fallback locale. imis=[]
01-01 00:49:41.409  1094  1094 W InputMethodUtils: No software keyboard is found. imis=[] fallbackLocale=null
01-01 00:49:41.410  1094  1094 W InputMethodManagerService: No IME selected. Choose the most applicable IME.
01-01 00:49:41.410  1094  1473 W EventHub: Unable to disable kernel key repeat for /dev/input/event1: Function not implemented
01-01 00:49:41.410  1094  1473 I EventHub: New device: id=3, fd=79, path='/dev/input/event1', name='qpnp_pon', classes=0x1, configuration='', keyLayout='/system/usr/keylayout/Generic.kl', keyCharacterMap='/system/usr/keychars/Generic.kcm', builtinKeyboard=false, wakeMechanism=EPOLLWAKEUP, usingClockIoctl=true
01-01 00:49:41.410  1094  1473 E EventHub: could not get driver version for /dev/input/mouse0, Not a typewriter
01-01 00:49:41.411  1094  1094 I SystemServer: Accessibility Manager
01-01 00:49:41.416  1094  1094 I XXXXXX  : choosing minFree values for 64 Bit
01-01 00:49:41.416  1094  1094 I XXXXXX  : choosing minFree values for 64 Bit
01-01 00:49:41.416  1094  1094 I XXXXXX  : choosing minFree values for 64 Bit
01-01 00:49:41.416  1094  1094 I XXXXXX  : choosing minFree values for 64 Bit
01-01 00:49:41.416  1094  1094 I XXXXXX  : choosing minFree values for 64 Bit
01-01 00:49:41.416  1094  1094 I XXXXXX  : choosing minFree values for 64 Bit
01-01 00:49:41.417  1094  1094 I ActivityManager: Config changes=1df8 {1.0 ?mcc?mnc en_US ldltr sw360dp w640dp h360dp 320dpi nrml long land ?uimode ?night -touch -keyb/h/h -nav/h s.2}
01-01 00:49:41.418   445   445 D SurfaceFlinger: Set active config mode=0, type=0 flinger=0x5594dcf550
01-01 00:49:41.418   445   445 D SurfaceFlinger: Screen type=0 is already mode=0
01-01 00:49:41.419  1094  1094 I ActivityManager: Config changes=400 {1.0 ?mcc?mnc en_US ldltr sw360dp w640dp h336dp 320dpi nrml long land ?uimode ?night -touch -keyb/h/h -nav/h s.3}
01-01 00:49:41.420  1094  1094 I SystemServiceManager: Starting com.android.server.MountService$Lifecycle
01-01 00:49:41.424  1094  1474 D MountService: Thinking about reset, mSystemReady=false, mDaemonConnected=true
01-01 00:49:41.424  1094  1474 D MountService: Thinking about reset, mSystemReady=false, mDaemonConnected=true
01-01 00:49:41.425  1094  1094 I SystemServiceManager: Starting com.android.server.UiModeManagerService
01-01 00:49:41.426  1094  1094 I ActivityManager: Config changes=200 {1.0 ?mcc?mnc en_US ldltr sw360dp w640dp h336dp 320dpi nrml long land -touch -keyb/h/h -nav/h s.4}
01-01 00:49:41.426  1094  1474 D CryptdConnector: SND -> {1 cryptfs getfield SystemLocale}
01-01 00:49:41.426   397   421 I Ext4Crypt: ext4 crypto complete called on /data
01-01 00:49:41.426   397   421 I Ext4Crypt: No master key, so not ext4enc
01-01 00:49:41.427  1094  1476 D CryptdConnector: RCV <- {200 1 -1}
01-01 00:49:41.427  1094  1474 W MountService: No primary storage mounted!
01-01 00:49:41.427  1094  1094 I SystemServer: LockSettingsService
01-01 00:49:41.428  1094  1474 D VoldConnector: SND -> {1 asec list}
01-01 00:49:41.429  1094  1475 D VoldConnector: RCV <- {200 1 asec operation succeeded}
01-01 00:49:41.429  1094  1474 I PackageManager: No secure containers found
01-01 00:49:41.429  1094  1094 I SystemServiceManager: Starting com.android.server.PersistentDataBlockService
01-01 00:49:41.429  1094  1474 W PackageManager: Unknown permission android.permission.PACKET_KEEPALIVE_OFFLOAD in package com.quicinc.cne.CNEService
01-01 00:49:41.429  1094  1474 W PackageManager: Unknown permission android.permission.DOWNLOAD_WITHOUT_NOTIFICATION in package com.android.messaging
01-01 00:49:41.430  1094  1474 W PackageManager: Unknown permission com.google.android.googleapps.permission.GOOGLE_AUTH in package com.android.settings
01-01 00:49:41.430  1094  1474 W PackageManager: Unknown permission android.permission.ACCESS_DOWNLOAD_MANAGER in package com.android.settings
01-01 00:49:41.430  1094  1474 W PackageManager: Unknown permission com.android.smspush.WAPPUSH_MANAGER_BIND in package com.android.phone
01-01 00:49:41.431  1094  1474 W PackageManager: Unknown permission android.permission.ACCESS_BLUETOOTH_AVRCP_CT_DATA in package com.android.systemui
01-01 00:49:41.450  1094  1107 I UsageStatsService: User[0] Rollover scheduled @ 1970-01-02 00:00:00(86400000)
01-01 00:49:41.479  1094  1094 E PersistentDataBlockService: not able to find package com.google.android.gms
01-01 00:49:41.479  1094  1094 E PersistentDataBlockService: android.content.pm.PackageManager$NameNotFoundException: com.google.android.gms
01-01 00:49:41.479  1094  1094 E PersistentDataBlockService: 	at android.app.ApplicationPackageManager.getPackageUid(ApplicationPackageManager.java:231)
01-01 00:49:41.479  1094  1094 E PersistentDataBlockService: 	at com.android.server.PersistentDataBlockService.getAllowedUid(PersistentDataBlockService.java:96)
01-01 00:49:41.479  1094  1094 E PersistentDataBlockService: 	at com.android.server.PersistentDataBlockService.<init>(PersistentDataBlockService.java:87)
01-01 00:49:41.479  1094  1094 E PersistentDataBlockService: 	at java.lang.reflect.Constructor.newInstance(Native Method)
01-01 00:49:41.479  1094  1094 E PersistentDataBlockService: 	at com.android.server.SystemServiceManager.startService(SystemServiceManager.java:89)
01-01 00:49:41.479  1094  1094 E PersistentDataBlockService: 	at com.android.server.SystemServer.startOtherServices(SystemServer.java:617)
01-01 00:49:41.479  1094  1094 E PersistentDataBlockService: 	at com.android.server.SystemServer.run(SystemServer.java:270)
01-01 00:49:41.479  1094  1094 E PersistentDataBlockService: 	at com.android.server.SystemServer.main(SystemServer.java:168)
01-01 00:49:41.479  1094  1094 E PersistentDataBlockService: 	at java.lang.reflect.Method.invoke(Native Method)
01-01 00:49:41.479  1094  1094 E PersistentDataBlockService: 	at com.android.internal.os.ZygoteInit$MethodAndArgsCaller.run(ZygoteInit.java:726)
01-01 00:49:41.479  1094  1094 E PersistentDataBlockService: 	at com.android.internal.os.ZygoteInit.main(ZygoteInit.java:616)
01-01 00:49:41.480  1094  1474 W MountService: No primary storage defined yet; hacking together a stub
01-01 00:49:41.480  1094  1474 W MountService: No primary storage defined yet; hacking together a stub
01-01 00:49:41.481  1094  1474 W MountService: No primary storage mounted!
01-01 00:49:41.481  1094  1474 D VoldConnector: SND -> {2 asec list}
01-01 00:49:41.481  1094  1475 D VoldConnector: RCV <- {200 2 asec operation succeeded}
01-01 00:49:41.482  1094  1094 I SystemServiceManager: Starting com.android.server.DeviceIdleController
