01-01 00:49:50.028  1094  1107 E LocSvc_eng: I/===> void loc_eng_agps_init(loc_eng_data_s_type&, AGpsExtCallbacks*) line 2287 
01-01 00:49:50.028  1094  1107 E LocSvc_eng: I/===> void loc_eng_ni_init(loc_eng_data_s_type&, GpsNiExtCallbacks*) line 327 
01-01 00:49:50.028  1094  1107 E LocSvc_eng: I/===> int loc_eng_set_server_proxy(loc_eng_data_s_type&, LocServerType, const char*, int) line 2587 
01-01 00:49:50.028  1094  1690 E LocSvc_api_v02: I/---> locClientSendReq line 1959 QMI_LOC_SET_SERVER_REQ_V02
01-01 00:49:50.031  1094  1692 E LocSvc_ApiV02: I/<--- void globalRespCb(locClientHandleType, uint32_t, locClientRespIndUnionType, void*) line 114 QMI_LOC_SET_SERVER_REQ_V02
01-01 00:49:50.036  1094  1107 W ActivityManager: Unable to start service Intent { cmp=com.android.printspooler/.model.PrintSpoolerService } U=0: not found
01-01 00:49:50.036   560   560 I MSM-irqbalance: Discovered a new IRQ: 215
01-01 00:49:50.039   560   560 I MSM-irqbalance: Decided to move IRQ200 from CPU0 to CPU3
01-01 00:49:53.273  1828  1844 E QcrilMsgTunnelSocket: IOException - java.io.IOException: No such file or directory Reason: No such file or directory
01-01 00:49:53.273  1828  1844 I QcrilMsgTunnelSocket: Couldn't find 'qmux_radio/rild_oem0' socket; retrying after timeout
01-01 00:49:54.964  2090  2090 I Atfwd_Daemon: *** Starting ATFWD-daemon *** 
01-01 00:49:54.964  2090  2090 I Atfwd_Daemon: QCCI not supported for target msm8952, use legacy QCCI
01-01 00:49:54.964  2090  2090 I Atfwd_Daemon: APQ baseband : Explicitly stopping ATFWD service....
01-01 00:49:54.964  2090  2090 I Atfwd_Daemon: Stop the daemon....
01-01 00:49:54.967  2091  2091 I libmdmdetect: ESOC framework not supported
01-01 00:49:54.967  2091  2091 E PerMgrSrv: Zero peripherals found
01-01 00:49:54.972  2089  2089 I keystore: Found keymaster1 module Keymaster QTI HAL, version 100
01-01 00:49:54.972  2089  2089 I SoftKeymaster: system/keymaster/soft_keymaster_device.cpp, Line 122: Creating device
01-01 00:49:54.972  2089  2089 D SoftKeymaster: system/keymaster/soft_keymaster_device.cpp, Line 123: Device address: 0x55b4bf6800
01-01 00:49:54.972  2089  2089 D QSEECOMAPI: : QSEECom_get_handle sb_length = 0xa000
01-01 00:49:54.972  2089  2089 D QSEECOMAPI: : App is not loaded in QSEE
01-01 00:49:54.972  2089  2089 E QSEECOMAPI: : Error::Cannot open the file /firmware/image/keymaster.mdt errno = 13
01-01 00:49:54.972  2089  2089 E QSEECOMAPI: : Error::Loading image failed with ret = -1
01-01 00:49:54.972  2089  2089 E keymaster1_device: Loading keymaster app failed
01-01 00:49:54.972  2089  2089 E keystore: Error -1 opening keystore keymaster1 device
01-01 00:49:54.973  2089  2089 E keystore: keystore keymaster could not be initialized; exiting
01-01 00:49:55.037   560   560 I MSM-irqbalance: Decided to move IRQ104 from CPU0 to CPU3
01-01 00:49:57.275  1828  1844 E QcrilMsgTunnelSocket: IOException - java.io.IOException: No such file or directory Reason: No such file or directory
01-01 00:49:57.275  1828  1844 I QcrilMsgTunnelSocket: Couldn't find 'qmux_radio/rild_oem0' socket; retrying after timeout
01-01 00:49:59.046  2093  2093 I Atfwd_Daemon: *** Starting ATFWD-daemon *** 
01-01 00:49:59.047  2093  2093 I Atfwd_Daemon: QCCI not supported for target msm8952, use legacy QCCI
01-01 00:49:59.047  2093  2093 I Atfwd_Daemon: APQ baseband : Explicitly stopping ATFWD service....
01-01 00:49:59.047  2093  2093 I Atfwd_Daemon: Stop the daemon....
01-01 00:49:59.050  2094  2094 I libmdmdetect: ESOC framework not supported
01-01 00:49:59.050  2094  2094 E PerMgrSrv: Zero peripherals found
01-01 00:49:59.054  2092  2092 I keystore: Found keymaster1 module Keymaster QTI HAL, version 100
01-01 00:49:59.055  2092  2092 I SoftKeymaster: system/keymaster/soft_keymaster_device.cpp, Line 122: Creating device
01-01 00:49:59.055  2092  2092 D SoftKeymaster: system/keymaster/soft_keymaster_device.cpp, Line 123: Device address: 0x5562eea800
01-01 00:49:59.055  2092  2092 D QSEECOMAPI: : QSEECom_get_handle sb_length = 0xa000
01-01 00:49:59.055  2092  2092 D QSEECOMAPI: : App is not loaded in QSEE
01-01 00:49:59.055  2092  2092 E QSEECOMAPI: : Error::Cannot open the file /firmware/image/keymaster.mdt errno = 13
01-01 00:49:59.055  2092  2092 E QSEECOMAPI: : Error::Loading image failed with ret = -1
01-01 00:49:59.055  2092  2092 E keymaster1_device: Loading keymaster app failed
01-01 00:49:59.055  2092  2092 E keystore: Error -1 opening keystore keymaster1 device
01-01 00:49:59.055  2092  2092 E keystore: keystore keymaster could not be initialized; exiting
01-01 00:50:00.038   560   560 I MSM-irqbalance: Decided to move IRQ200 from CPU0 to CPU3
01-01 00:50:00.077  1094  1107 E RemotePrintSpooler: Error removing obsolete print jobs .
01-01 00:50:00.077  1094  1107 E RemotePrintSpooler: java.util.concurrent.TimeoutException: Cannot get spooler!
01-01 00:50:00.077  1094  1107 E RemotePrintSpooler: 	at com.android.server.print.RemotePrintSpooler.bindLocked(RemotePrintSpooler.java:378)
01-01 00:50:00.077  1094  1107 E RemotePrintSpooler: 	at com.android.server.print.RemotePrintSpooler.getRemoteInstanceLazy(RemotePrintSpooler.java:354)
01-01 00:50:00.077  1094  1107 E RemotePrintSpooler: 	at com.android.server.print.RemotePrintSpooler.removeObsoletePrintJobs(RemotePrintSpooler.java:289)
01-01 00:50:00.077  1094  1107 E RemotePrintSpooler: 	at com.android.server.print.UserState.removeObsoletePrintJobs(UserState.java:165)
01-01 00:50:00.077  1094  1107 E RemotePrintSpooler: 	at com.android.server.print.PrintManagerService$PrintManagerImpl$3.run(PrintManagerService.java:644)
01-01 00:50:00.077  1094  1107 E RemotePrintSpooler: 	at android.os.Handler.handleCallback(Handler.java:739)
01-01 00:50:00.077  1094  1107 E RemotePrintSpooler: 	at android.os.Handler.dispatchMessage(Handler.java:95)
01-01 00:50:00.077  1094  1107 E RemotePrintSpooler: 	at android.os.Looper.loop(Looper.java:148)
01-01 00:50:00.077  1094  1107 E RemotePrintSpooler: 	at android.os.HandlerThread.run(HandlerThread.java:61)
01-01 00:50:00.080  1094  1107 D GpsLocationProvider: received SIM related action: 
01-01 00:50:00.088  1094  1107 D GpsLocationProvider: SIM MCC/MNC is still not available
01-01 00:50:00.088  1094  1107 D GpsLocationProvider: received SIM related action: 
01-01 00:50:00.095  1094  1107 D GpsLocationProvider: SIM MCC/MNC is still not available
01-01 00:50:00.591  1094  1108 I ActivityManager: Waited long enough for: ServiceRecord{7979313 u0 com.qualcomm.simcontacts/.SimContactsService}
01-01 00:50:01.020  1094  1108 I ActivityManager: Waited long enough for: ServiceRecord{21ff680 u0 com.qualcomm.qti.tetherservice/.TetherService}
01-01 00:50:01.123  1094  1108 I ActivityManager: Waited long enough for: ServiceRecord{b82f344 u0 com.qualcomm.qualcommsettings/.DunService}
01-01 00:50:01.155  1094  1108 I ActivityManager: Waited long enough for: ServiceRecord{7787c2d u0 com.qualcomm.atfwd/.AtFwdService}
01-01 00:50:01.276  1828  1844 E QcrilMsgTunnelSocket: IOException - java.io.IOException: No such file or directory Reason: No such file or directory
01-01 00:50:01.276  1828  1844 I QcrilMsgTunnelSocket: Couldn't find 'qmux_radio/rild_oem0' socket; retrying after timeout
01-01 00:50:01.841  1094  1108 I ActivityManager: Waited long enough for: ServiceRecord{daa03e5 u0 com.qualcomm.svi/.SVIService}
01-01 00:50:04.138  2100  2100 I Atfwd_Daemon: *** Starting ATFWD-daemon *** 
01-01 00:50:04.138  2100  2100 I Atfwd_Daemon: QCCI not supported for target msm8952, use legacy QCCI
01-01 00:50:04.138  2100  2100 I Atfwd_Daemon: APQ baseband : Explicitly stopping ATFWD service....
01-01 00:50:04.138  2100  2100 I Atfwd_Daemon: Stop the daemon....
01-01 00:50:04.142  2101  2101 I libmdmdetect: ESOC framework not supported
01-01 00:50:04.142  2101  2101 E PerMgrSrv: Zero peripherals found
01-01 00:50:04.147  2099  2099 I keystore: Found keymaster1 module Keymaster QTI HAL, version 100
01-01 00:50:04.147  2099  2099 I SoftKeymaster: system/keymaster/soft_keymaster_device.cpp, Line 122: Creating device
01-01 00:50:04.147  2099  2099 D SoftKeymaster: system/keymaster/soft_keymaster_device.cpp, Line 123: Device address: 0x557d10b800
01-01 00:50:04.148  2099  2099 D QSEECOMAPI: : QSEECom_get_handle sb_length = 0xa000
01-01 00:50:04.148  2099  2099 D QSEECOMAPI: : App is not loaded in QSEE
01-01 00:50:04.148  2099  2099 E QSEECOMAPI: : Error::Cannot open the file /firmware/image/keymaster.mdt errno = 13
01-01 00:50:04.148  2099  2099 E QSEECOMAPI: : Error::Loading image failed with ret = -1
01-01 00:50:04.148  2099  2099 E keymaster1_device: Loading keymaster app failed
01-01 00:50:04.148  2099  2099 E keystore: Error -1 opening keystore keymaster1 device
01-01 00:50:04.148  2099  2099 E keystore: keystore keymaster could not be initialized; exiting
01-01 00:50:05.050   560   560 I MSM-irqbalance: Decided to move IRQ65 from CPU0 to CPU3
01-01 00:50:05.278  1828  1844 E QcrilMsgTunnelSocket: IOException - java.io.IOException: No such file or directory Reason: No such file or directory
01-01 00:50:05.278  1828  1844 I QcrilMsgTunnelSocket: Couldn't find 'qmux_radio/rild_oem0' socket; retrying after timeout
01-01 00:50:06.732  1094  1094 I EntropyMixer: Writing entropy...
01-01 00:50:09.279  1828  1844 E QcrilMsgTunnelSocket: IOException - java.io.IOException: No such file or directory Reason: No such file or directory
01-01 00:50:09.279  1828  1844 I QcrilMsgTunnelSocket: Couldn't find 'qmux_radio/rild_oem0' socket; retrying after timeout
01-01 00:50:09.623  2120  2120 I Atfwd_Daemon: *** Starting ATFWD-daemon *** 
01-01 00:50:09.623  2120  2120 I Atfwd_Daemon: QCCI not supported for target msm8952, use legacy QCCI
01-01 00:50:09.623  2120  2120 I Atfwd_Daemon: APQ baseband : Explicitly stopping ATFWD service....
01-01 00:50:09.623  2120  2120 I Atfwd_Daemon: Stop the daemon....
01-01 00:50:09.626  2121  2121 I libmdmdetect: ESOC framework not supported
01-01 00:50:09.626  2121  2121 E PerMgrSrv: Zero peripherals found
01-01 00:50:09.630  2119  2119 I keystore: Found keymaster1 module Keymaster QTI HAL, version 100
01-01 00:50:09.630  2119  2119 I SoftKeymaster: system/keymaster/soft_keymaster_device.cpp, Line 122: Creating device
01-01 00:50:09.630  2119  2119 D SoftKeymaster: system/keymaster/soft_keymaster_device.cpp, Line 123: Device address: 0x55948d8800
01-01 00:50:09.630  2119  2119 D QSEECOMAPI: : QSEECom_get_handle sb_length = 0xa000
01-01 00:50:09.630  2119  2119 D QSEECOMAPI: : App is not loaded in QSEE
01-01 00:50:09.630  2119  2119 E QSEECOMAPI: : Error::Cannot open the file /firmware/image/keymaster.mdt errno = 13
01-01 00:50:09.630  2119  2119 E QSEECOMAPI: : Error::Loading image failed with ret = -1
01-01 00:50:09.630  2119  2119 E keymaster1_device: Loading keymaster app failed
01-01 00:50:09.630  2119  2119 E keystore: Error -1 opening keystore keymaster1 device
01-01 00:50:09.630  2119  2119 E keystore: keystore keymaster could not be initialized; exiting
01-01 00:50:10.049   560   560 I MSM-irqbalance: Decided to move IRQ200 from CPU0 to CPU2
01-01 01:39:17.349  1922  1922 I chmod   : type=1400 audit(0.0:8): avc: denied { getattr } for path="/sys/module/lowmemorykiller/parameters/minfree" dev="sysfs" ino=6562 scontext=u:r:qti_init_shell:s0 tcontext=u:object_r:sysfs_lowmemorykiller:s0 tclass=file permissive=1
01-01 01:39:17.349  1922  1922 I chmod   : type=1400 audit(0.0:9): avc: denied { setattr } for name="minfree" dev="sysfs" ino=6562 scontext=u:r:qti_init_shell:s0 tcontext=u:object_r:sysfs_lowmemorykiller:s0 tclass=file permissive=1
01-01 00:50:13.281  1828  1844 E QcrilMsgTunnelSocket: IOException - java.io.IOException: No such file or directory Reason: No such file or directory
01-01 00:50:13.281  1828  1844 I QcrilMsgTunnelSocket: Couldn't find 'qmux_radio/rild_oem0' socket; retrying after timeout
01-01 00:50:14.706  2128  2128 I Atfwd_Daemon: *** Starting ATFWD-daemon *** 
01-01 00:50:14.706  2128  2128 I Atfwd_Daemon: QCCI not supported for target msm8952, use legacy QCCI
01-01 00:50:14.706  2128  2128 I Atfwd_Daemon: APQ baseband : Explicitly stopping ATFWD service....
01-01 00:50:14.707  2128  2128 I Atfwd_Daemon: Stop the daemon....
01-01 00:50:14.710  2129  2129 I libmdmdetect: ESOC framework not supported
01-01 00:50:14.710  2129  2129 E PerMgrSrv: Zero peripherals found
01-01 00:50:14.714  2127  2127 I keystore: Found keymaster1 module Keymaster QTI HAL, version 100
01-01 00:50:14.714  2127  2127 I SoftKeymaster: system/keymaster/soft_keymaster_device.cpp, Line 122: Creating device
01-01 00:50:14.714  2127  2127 D SoftKeymaster: system/keymaster/soft_keymaster_device.cpp, Line 123: Device address: 0x55875e4800
01-01 00:50:14.715  2127  2127 D QSEECOMAPI: : QSEECom_get_handle sb_length = 0xa000
01-01 00:50:14.715  2127  2127 D QSEECOMAPI: : App is not loaded in QSEE
01-01 00:50:14.715  2127  2127 E QSEECOMAPI: : Error::Cannot open the file /firmware/image/keymaster.mdt errno = 13
01-01 00:50:14.715  2127  2127 E QSEECOMAPI: : Error::Loading image failed with ret = -1
01-01 00:50:14.715  2127  2127 E keymaster1_device: Loading keymaster app failed
01-01 00:50:14.715  2127  2127 E keystore: Error -1 opening keystore keymaster1 device
01-01 00:50:14.715  2127  2127 E keystore: keystore keymaster could not be initialized; exiting
01-01 00:50:15.069   560   560 I MSM-irqbalance: Decided to move IRQ215 from CPU0 to CPU3
01-01 00:50:17.282  1828  1844 E QcrilMsgTunnelSocket: Couldn't find 'qmux_radio/rild_oem0' socket after 8 times, continuing to retry silently
01-01 00:50:18.888  1094  1106 I MediaSessionService: voice-based interactions: about to use ACTION_VOICE_SEARCH_HANDS_FREE
01-01 00:50:18.889  1094  1106 I ActivityManager: START u0 {act=android.speech.action.VOICE_SEARCH_HANDS_FREE flg=0x10800000 (has extras)} from uid 1000 on display 0
01-01 00:50:19.797  2131  2131 I Atfwd_Daemon: *** Starting ATFWD-daemon *** 
01-01 00:50:19.797  2131  2131 I Atfwd_Daemon: QCCI not supported for target msm8952, use legacy QCCI
01-01 00:50:19.797  2131  2131 I Atfwd_Daemon: APQ baseband : Explicitly stopping ATFWD service....
01-01 00:50:19.797  2131  2131 I Atfwd_Daemon: Stop the daemon....
01-01 00:50:19.801  2132  2132 I libmdmdetect: ESOC framework not supported
01-01 00:50:19.801  2132  2132 E PerMgrSrv: Zero peripherals found
01-01 00:50:19.806  2130  2130 I keystore: Found keymaster1 module Keymaster QTI HAL, version 100
01-01 00:50:19.806  2130  2130 I SoftKeymaster: system/keymaster/soft_keymaster_device.cpp, Line 122: Creating device
01-01 00:50:19.806  2130  2130 D SoftKeymaster: system/keymaster/soft_keymaster_device.cpp, Line 123: Device address: 0x55ae9f6800
01-01 00:50:19.806  2130  2130 D QSEECOMAPI: : QSEECom_get_handle sb_length = 0xa000
01-01 00:50:19.806  2130  2130 D QSEECOMAPI: : App is not loaded in QSEE
01-01 00:50:19.806  2130  2130 E QSEECOMAPI: : Error::Cannot open the file /firmware/image/keymaster.mdt errno = 13
01-01 00:50:19.806  2130  2130 E QSEECOMAPI: : Error::Loading image failed with ret = -1
01-01 00:50:19.806  2130  2130 E keymaster1_device: Loading keymaster app failed
01-01 00:50:19.807  2130  2130 E keystore: Error -1 opening keystore keymaster1 device
01-01 00:50:19.807  2130  2130 E keystore: keystore keymaster could not be initialized; exiting
